Archive member included to satisfy reference by file (symbol)

/usr/lib/gap_riscv_toolchain/bin/../lib/gcc/riscv32-unknown-elf/7.1.1/rv32imcxgap8/ilp32/libgcc.a(_bswapsi2.o)
                              /home/osboxes/test-C/src/exo3and4/BUILD/GAP8_V3/GCC_RISCV_FREERTOS//home/osboxes/test-C/gap_sdk/rtos/pmsis/bsp/fs/lfs/lfs.o (__bswapsi2)
/usr/lib/gap_riscv_toolchain/bin/../lib/gcc/riscv32-unknown-elf/7.1.1/rv32imcxgap8/ilp32/libgcc.a(_udivdi3.o)
                              /home/osboxes/test-C/src/exo3and4/BUILD/GAP8_V3/GCC_RISCV_FREERTOS//home/osboxes/test-C/gap_sdk/rtos/freeRTOS/vendors/gwt/pmsis/backend/pmsis_backend_native_task_api.o (__udivdi3)
/usr/lib/gap_riscv_toolchain/bin/../lib/gcc/riscv32-unknown-elf/7.1.1/rv32imcxgap8/ilp32/libgcc.a(adddf3.o)
                              /home/osboxes/test-C/src/exo3and4/BUILD/GAP8_V3/GCC_RISCV_FREERTOS//home/osboxes/test-C/gap_sdk/rtos/freeRTOS/vendors/gwt/libs/printf/printf.o (__adddf3)
/usr/lib/gap_riscv_toolchain/bin/../lib/gcc/riscv32-unknown-elf/7.1.1/rv32imcxgap8/ilp32/libgcc.a(divdf3.o)
                              /home/osboxes/test-C/src/exo3and4/BUILD/GAP8_V3/GCC_RISCV_FREERTOS//home/osboxes/test-C/gap_sdk/rtos/freeRTOS/vendors/gwt/libs/printf/printf.o (__divdf3)
/usr/lib/gap_riscv_toolchain/bin/../lib/gcc/riscv32-unknown-elf/7.1.1/rv32imcxgap8/ilp32/libgcc.a(eqdf2.o)
                              /home/osboxes/test-C/src/exo3and4/BUILD/GAP8_V3/GCC_RISCV_FREERTOS//home/osboxes/test-C/gap_sdk/rtos/freeRTOS/vendors/gwt/libs/printf/printf.o (__nedf2)
/usr/lib/gap_riscv_toolchain/bin/../lib/gcc/riscv32-unknown-elf/7.1.1/rv32imcxgap8/ilp32/libgcc.a(gedf2.o)
                              /home/osboxes/test-C/src/exo3and4/BUILD/GAP8_V3/GCC_RISCV_FREERTOS//home/osboxes/test-C/gap_sdk/rtos/freeRTOS/vendors/gwt/libs/printf/printf.o (__gedf2)
/usr/lib/gap_riscv_toolchain/bin/../lib/gcc/riscv32-unknown-elf/7.1.1/rv32imcxgap8/ilp32/libgcc.a(ledf2.o)
                              /home/osboxes/test-C/src/exo3and4/BUILD/GAP8_V3/GCC_RISCV_FREERTOS//home/osboxes/test-C/gap_sdk/rtos/freeRTOS/vendors/gwt/libs/printf/printf.o (__ltdf2)
/usr/lib/gap_riscv_toolchain/bin/../lib/gcc/riscv32-unknown-elf/7.1.1/rv32imcxgap8/ilp32/libgcc.a(muldf3.o)
                              /home/osboxes/test-C/src/exo3and4/BUILD/GAP8_V3/GCC_RISCV_FREERTOS//home/osboxes/test-C/gap_sdk/rtos/freeRTOS/vendors/gwt/libs/printf/printf.o (__muldf3)
/usr/lib/gap_riscv_toolchain/bin/../lib/gcc/riscv32-unknown-elf/7.1.1/rv32imcxgap8/ilp32/libgcc.a(subdf3.o)
                              /home/osboxes/test-C/src/exo3and4/BUILD/GAP8_V3/GCC_RISCV_FREERTOS//home/osboxes/test-C/gap_sdk/rtos/freeRTOS/vendors/gwt/libs/printf/printf.o (__subdf3)
/usr/lib/gap_riscv_toolchain/bin/../lib/gcc/riscv32-unknown-elf/7.1.1/rv32imcxgap8/ilp32/libgcc.a(fixdfsi.o)
                              /home/osboxes/test-C/src/exo3and4/BUILD/GAP8_V3/GCC_RISCV_FREERTOS//home/osboxes/test-C/gap_sdk/rtos/freeRTOS/vendors/gwt/libs/printf/printf.o (__fixdfsi)
/usr/lib/gap_riscv_toolchain/bin/../lib/gcc/riscv32-unknown-elf/7.1.1/rv32imcxgap8/ilp32/libgcc.a(fixunsdfsi.o)
                              /home/osboxes/test-C/src/exo3and4/BUILD/GAP8_V3/GCC_RISCV_FREERTOS//home/osboxes/test-C/gap_sdk/rtos/freeRTOS/vendors/gwt/libs/printf/printf.o (__fixunsdfsi)
/usr/lib/gap_riscv_toolchain/bin/../lib/gcc/riscv32-unknown-elf/7.1.1/rv32imcxgap8/ilp32/libgcc.a(floatsidf.o)
                              /home/osboxes/test-C/src/exo3and4/BUILD/GAP8_V3/GCC_RISCV_FREERTOS//home/osboxes/test-C/gap_sdk/rtos/freeRTOS/vendors/gwt/libs/printf/printf.o (__floatsidf)
/usr/lib/gap_riscv_toolchain/bin/../lib/gcc/riscv32-unknown-elf/7.1.1/rv32imcxgap8/ilp32/libgcc.a(floatunsidf.o)
                              /home/osboxes/test-C/src/exo3and4/BUILD/GAP8_V3/GCC_RISCV_FREERTOS//home/osboxes/test-C/gap_sdk/rtos/freeRTOS/vendors/gwt/libs/printf/printf.o (__floatunsidf)
/usr/lib/gap_riscv_toolchain/bin/../lib/gcc/riscv32-unknown-elf/7.1.1/rv32imcxgap8/ilp32/libgcc.a(divsf3.o)
                              /home/osboxes/test-C/src/exo3and4/BUILD/GAP8_V3/GCC_RISCV_FREERTOS//home/osboxes/test-C/gap_sdk/rtos/freeRTOS/vendors/gwt/gap8/pmsis/drivers/timer/timer.o (__divsf3)
/usr/lib/gap_riscv_toolchain/bin/../lib/gcc/riscv32-unknown-elf/7.1.1/rv32imcxgap8/ilp32/libgcc.a(mulsf3.o)
                              /home/osboxes/test-C/src/exo3and4/BUILD/GAP8_V3/GCC_RISCV_FREERTOS//home/osboxes/test-C/gap_sdk/rtos/freeRTOS/vendors/gwt/gap8/pmsis/drivers/timer/timer.o (__mulsf3)
/usr/lib/gap_riscv_toolchain/bin/../lib/gcc/riscv32-unknown-elf/7.1.1/rv32imcxgap8/ilp32/libgcc.a(fixunssfsi.o)
                              /home/osboxes/test-C/src/exo3and4/BUILD/GAP8_V3/GCC_RISCV_FREERTOS//home/osboxes/test-C/gap_sdk/rtos/freeRTOS/vendors/gwt/gap8/pmsis/drivers/timer/timer.o (__fixunssfsi)
/usr/lib/gap_riscv_toolchain/bin/../lib/gcc/riscv32-unknown-elf/7.1.1/rv32imcxgap8/ilp32/libgcc.a(floatunsisf.o)
[...]
Memory Configuration

Name             Origin             Length             Attributes
FC_tcdm          0x000000001b000000 0x0000000000004000
fc_tcdm_aliased  0x0000000000000004 0x0000000000003ffc
L2               0x000000001c000000 0x0000000000080000
L1_sram          0x0000000010000000 0x0000000000010000
*default*        0x0000000000000000 0xffffffffffffffff

Linker script and memory map

LOAD /home/osboxes/test-C/src/exo3and4/BUILD/GAP8_V3/GCC_RISCV_FREERTOS/copydata.o
LOAD /home/osboxes/test-C/src/exo3and4/BUILD/GAP8_V3/GCC_RISCV_FREERTOS//home/osboxes/test-C/gap_sdk/rtos/freeRTOS/vendors/gwt/gap8/src/device/startup_gap8.o
LOAD /home/osboxes/test-C/src/exo3and4/BUILD/GAP8_V3/GCC_RISCV_FREERTOS//home/osboxes/test-C/gap_sdk/rtos/freeRTOS/vendors/gwt/gap8/src/device/gap8_iet.o
LOAD /home/osboxes/test-C/src/exo3and4/BUILD/GAP8_V3/GCC_RISCV_FREERTOS//home/osboxes/test-C/gap_sdk/rtos/freeRTOS/vendors/gwt/gap8/pmsis/cluster/drivers/cluster_synchronisation/cluster_core.o
LOAD /home/osboxes/test-C/src/exo3and4/BUILD/GAP8_V3/GCC_RISCV_FREERTOS//home/osboxes/test-C/gap_sdk/rtos/freeRTOS/vendors/gwt/gap8/pmsis/util/asm_util.o
LOAD /home/osboxes/test-C/src/exo3and4/BUILD/GAP8_V3/GCC_RISCV_FREERTOS//home/osboxes/test-C/gap_sdk/rtos/freeRTOS/freertos_kernel/portable/GCC/RI5CY-GAP8/port_asm.o
LOAD /home/osboxes/test-C/src/exo3and4/BUILD/GAP8_V3/GCC_RISCV_FREERTOS//home/osboxes/test-C/gap_sdk/rtos/freeRTOS/vendors/gwt/gap8/src/device/system_gap8.o
LOAD /home/osboxes/test-C/src/exo3and4/BUILD/GAP8_V3/GCC_RISCV_FREERTOS//home/osboxes/test-C/gap_sdk/rtos/freeRTOS/vendors/gwt/gap8/src/device/gap8_it.o
LOAD /home/osboxes/test-C/src/exo3and4/BUILD/GAP8_V3/GCC_RISCV_FREERTOS//home/osboxes/test-C/gap_sdk/rtos/freeRTOS/vendors/gwt/gap8/src/driver/gap_io.o
LOAD /home/osboxes/test-C/src/exo3and4/BUILD/GAP8_V3/GCC_RISCV_FREERTOS//home/osboxes/test-C/gap_sdk/rtos/freeRTOS/vendors/gwt/libs/src/string.o
LOAD /home/osboxes/test-C/src/exo3and4/BUILD/GAP8_V3/GCC_RISCV_FREERTOS//home/osboxes/test-C/gap_sdk/rtos/freeRTOS/vendors/gwt/libs/src/stdlib.o
LOAD /home/osboxes/test-C/src/exo3and4/BUILD/GAP8_V3/GCC_RISCV_FREERTOS//home/osboxes/test-C/gap_sdk/rtos/freeRTOS/vendors/gwt/libs/src/errno.o
LOAD /home/osboxes/test-C/src/exo3and4/BUILD/GAP8_V3/GCC_RISCV_FREERTOS//home/osboxes/test-C/gap_sdk/rtos/freeRTOS/vendors/gwt/gap8/pmsis/cluster/malloc/cl_malloc.o
LOAD /home/osboxes/test-C/src/exo3and4/BUILD/GAP8_V3/GCC_RISCV_FREERTOS//home/osboxes/test-C/gap_sdk/rtos/freeRTOS/vendors/gwt/gap8/pmsis/cluster/drivers/cluster_synchronisation/cl_to_fc_delegate.o
LOAD /home/osboxes/test-C/src/exo3and4/BUILD/GAP8_V3/GCC_RISCV_FREERTOS//home/osboxes/test-C/gap_sdk/rtos/freeRTOS/vendors/gwt/gap8/pmsis/cluster/drivers/cluster_synchronisation/fc_to_cl_delegate.o
LOAD /home/osboxes/test-C/src/exo3and4/BUILD/GAP8_V3/GCC_RISCV_FREERTOS//home/osboxes/test-C/gap_sdk/rtos/freeRTOS/vendors/gwt/gap8/pmsis/cluster/drivers/cluster_team/cl_team.o
LOAD /home/osboxes/test-C/src/exo3and4/BUILD/GAP8_V3/GCC_RISCV_FREERTOS//home/osboxes/test-C/gap_sdk/rtos/freeRTOS/vendors/gwt/gap8/pmsis/cluster/drivers/delegate/hyperbus/hyperbus_cl_internal.o
LOAD /home/osboxes/test-C/src/exo3and4/BUILD/GAP8_V3/GCC_RISCV_FREERTOS//home/osboxes/test-C/gap_sdk/rtos/freeRTOS/vendors/gwt/gap8/pmsis/cluster/drivers/delegate/uart/uart_cl_internal.o
LOAD /home/osboxes/test-C/src/exo3and4/BUILD/GAP8_V3/GCC_RISCV_FREERTOS//home/osboxes/test-C/gap_sdk/rtos/freeRTOS/vendors/gwt/gap8/pmsis/cluster/drivers/dma/cl_dma_irq.o
LOAD /home/osboxes/test-C/src/exo3and4/BUILD/GAP8_V3/GCC_RISCV_FREERTOS//home/osboxes/test-C/gap_sdk/rtos/freeRTOS/vendors/gwt/gap8/pmsis/drivers/fc_event/fc_event.o
LOAD /home/osboxes/test-C/src/exo3and4/BUILD/GAP8_V3/GCC_RISCV_FREERTOS//home/osboxes/test-C/gap_sdk/rtos/freeRTOS/vendors/gwt/gap8/pmsis/drivers/fll/fll.o
LOAD /home/osboxes/test-C/src/exo3and4/BUILD/GAP8_V3/GCC_RISCV_FREERTOS//home/osboxes/test-C/gap_sdk/rtos/freeRTOS/vendors/gwt/gap8/pmsis/drivers/gpio/gpio.o
LOAD /home/osboxes/test-C/src/exo3and4/BUILD/GAP8_V3/GCC_RISCV_FREERTOS//home/osboxes/test-C/gap_sdk/rtos/freeRTOS/vendors/gwt/gap8/pmsis/drivers/pad/pad.o
LOAD /home/osboxes/test-C/src/exo3and4/BUILD/GAP8_V3/GCC_RISCV_FREERTOS//home/osboxes/test-C/gap_sdk/rtos/freeRTOS/vendors/gwt/gap8/pmsis/drivers/pmu/pmu.o
LOAD /home/osboxes/test-C/src/exo3and4/BUILD/GAP8_V3/GCC_RISCV_FREERTOS//home/osboxes/test-C/gap_sdk/rtos/freeRTOS/vendors/gwt/gap8/pmsis/drivers/pmu/pmu_internal.o
LOAD /home/osboxes/test-C/src/exo3and4/BUILD/GAP8_V3/GCC_RISCV_FREERTOS//home/osboxes/test-C/gap_sdk/rtos/freeRTOS/vendors/gwt/gap8/pmsis/drivers/pwm/pwm.o
LOAD /home/osboxes/test-C/src/exo3and4/BUILD/GAP8_V3/GCC_RISCV_FREERTOS//home/osboxes/test-C/gap_sdk/rtos/freeRTOS/vendors/gwt/gap8/pmsis/drivers/pwm/pwm_internal.o
LOAD /home/osboxes/test-C/src/exo3and4/BUILD/GAP8_V3/GCC_RISCV_FREERTOS//home/osboxes/test-C/gap_sdk/rtos/freeRTOS/vendors/gwt/gap8/pmsis/drivers/rtc/rtc.o
LOAD /home/osboxes/test-C/src/exo3and4/BUILD/GAP8_V3/GCC_RISCV_FREERTOS//home/osboxes/test-C/gap_sdk/rtos/freeRTOS/vendors/gwt/gap8/pmsis/drivers/rtc/rtc_internal.o
LOAD /home/osboxes/test-C/src/exo3and4/BUILD/GAP8_V3/GCC_RISCV_FREERTOS//home/osboxes/test-C/gap_sdk/rtos/freeRTOS/vendors/gwt/gap8/pmsis/drivers/timer/timer.o
LOAD /home/osboxes/test-C/src/exo3and4/BUILD/GAP8_V3/GCC_RISCV_FREERTOS//home/osboxes/test-C/gap_sdk/rtos/freeRTOS/vendors/gwt/gap8/pmsis/drivers/udma/hyperbus/hyperbus.o
LOAD /home/osboxes/test-C/src/exo3and4/BUILD/GAP8_V3/GCC_RISCV_FREERTOS//home/osboxes/test-C/gap_sdk/rtos/freeRTOS/vendors/gwt/gap8/pmsis/drivers/udma/hyperbus/hyperbus_internal.o
LOAD /home/osboxes/test-C/src/exo3and4/BUILD/GAP8_V3/GCC_RISCV_FREERTOS//home/osboxes/test-C/gap_sdk/rtos/freeRTOS/vendors/gwt/gap8/pmsis/drivers/udma/cpi/cpi.o
LOAD /home/osboxes/test-C/src/exo3and4/BUILD/GAP8_V3/GCC_RISCV_FREERTOS//home/osboxes/test-C/gap_sdk/rtos/freeRTOS/vendors/gwt/gap8/pmsis/drivers/udma/cpi/cpi_internal.o
LOAD /home/osboxes/test-C/src/exo3and4/BUILD/GAP8_V3/GCC_RISCV_FREERTOS//home/osboxes/test-C/gap_sdk/rtos/freeRTOS/vendors/gwt/gap8/pmsis/drivers/udma/dmacpy/dmacpy.o
LOAD /home/osboxes/test-C/src/exo3and4/BUILD/GAP8_V3/GCC_RISCV_FREERTOS//home/osboxes/test-C/gap_sdk/rtos/freeRTOS/vendors/gwt/gap8/pmsis/drivers/udma/dmacpy/dmacpy_internal.o
LOAD /home/osboxes/test-C/src/exo3and4/BUILD/GAP8_V3/GCC_RISCV_FREERTOS//home/osboxes/test-C/gap_sdk/rtos/freeRTOS/vendors/gwt/gap8/pmsis/drivers/udma/i2c/i2c.o
LOAD /home/osboxes/test-C/src/exo3and4/BUILD/GAP8_V3/GCC_RISCV_FREERTOS//home/osboxes/test-C/gap_sdk/rtos/freeRTOS/vendors/gwt/gap8/pmsis/drivers/udma/i2c/i2c_internal.o
LOAD /home/osboxes/test-C/src/exo3and4/BUILD/GAP8_V3/GCC_RISCV_FREERTOS//home/osboxes/test-C/gap_sdk/rtos/freeRTOS/vendors/gwt/gap8/pmsis/drivers/udma/i2s/i2s.o
LOAD /home/osboxes/test-C/src/exo3and4/BUILD/GAP8_V3/GCC_RISCV_FREERTOS//home/osboxes/test-C/gap_sdk/rtos/freeRTOS/vendors/gwt/gap8/pmsis/drivers/udma/i2s/i2s_internal.o
LOAD /home/osboxes/test-C/src/exo3and4/BUILD/GAP8_V3/GCC_RISCV_FREERTOS//home/osboxes/test-C/gap_sdk/rtos/freeRTOS/vendors/gwt/gap8/pmsis/drivers/udma/spi/spi.o
LOAD /home/osboxes/test-C/src/exo3and4/BUILD/GAP8_V3/GCC_RISCV_FREERTOS//home/osboxes/test-C/gap_sdk/rtos/freeRTOS/vendors/gwt/gap8/pmsis/drivers/udma/spi/spi_internal.o
LOAD /home/osboxes/test-C/src/exo3and4/BUILD/GAP8_V3/GCC_RISCV_FREERTOS//home/osboxes/test-C/gap_sdk/rtos/freeRTOS/vendors/gwt/gap8/pmsis/drivers/udma/uart/uart.o
LOAD /home/osboxes/test-C/src/exo3and4/BUILD/GAP8_V3/GCC_RISCV_FREERTOS//home/osboxes/test-C/gap_sdk/rtos/freeRTOS/vendors/gwt/gap8/pmsis/drivers/udma/uart/uart_internal.o
LOAD /home/osboxes/test-C/src/exo3and4/BUILD/GAP8_V3/GCC_RISCV_FREERTOS//home/osboxes/test-C/gap_sdk/rtos/pmsis/bsp/flash/flash.o
LOAD /home/osboxes/test-C/src/exo3and4/BUILD/GAP8_V3/GCC_RISCV_FREERTOS//home/osboxes/test-C/gap_sdk/rtos/pmsis/bsp/partition/partition.o
LOAD /home/osboxes/test-C/src/exo3and4/BUILD/GAP8_V3/GCC_RISCV_FREERTOS//home/osboxes/test-C/gap_sdk/rtos/pmsis/bsp/partition/flash_partition.o
LOAD /home/osboxes/test-C/src/exo3and4/BUILD/GAP8_V3/GCC_RISCV_FREERTOS//home/osboxes/test-C/gap_sdk/rtos/pmsis/bsp/crc/md5.o
LOAD /home/osboxes/test-C/src/exo3and4/BUILD/GAP8_V3/GCC_RISCV_FREERTOS//home/osboxes/test-C/gap_sdk/rtos/pmsis/bsp/fs/fs.o
LOAD /home/osboxes/test-C/src/exo3and4/BUILD/GAP8_V3/GCC_RISCV_FREERTOS//home/osboxes/test-C/gap_sdk/rtos/pmsis/bsp/fs/lfs/lfs.o
LOAD /home/osboxes/test-C/src/exo3and4/BUILD/GAP8_V3/GCC_RISCV_FREERTOS//home/osboxes/test-C/gap_sdk/rtos/pmsis/bsp/fs/lfs/lfs_util.o
LOAD /home/osboxes/test-C/src/exo3and4/BUILD/GAP8_V3/GCC_RISCV_FREERTOS//home/osboxes/test-C/gap_sdk/rtos/pmsis/bsp/fs/lfs/pi_lfs.o
LOAD /home/osboxes/test-C/src/exo3and4/BUILD/GAP8_V3/GCC_RISCV_FREERTOS//home/osboxes/test-C/gap_sdk/rtos/pmsis/bsp/fs/read_fs/read_fs.o
LOAD /home/osboxes/test-C/src/exo3and4/BUILD/GAP8_V3/GCC_RISCV_FREERTOS//home/osboxes/test-C/gap_sdk/rtos/pmsis/bsp/fs/host_fs/host_fs.o
LOAD /home/osboxes/test-C/src/exo3and4/BUILD/GAP8_V3/GCC_RISCV_FREERTOS//home/osboxes/test-C/gap_sdk/rtos/pmsis/bsp/ota/ota.o
LOAD /home/osboxes/test-C/src/exo3and4/BUILD/GAP8_V3/GCC_RISCV_FREERTOS//home/osboxes/test-C/gap_sdk/rtos/pmsis/bsp/ota/ota_utility.o
LOAD /home/osboxes/test-C/src/exo3and4/BUILD/GAP8_V3/GCC_RISCV_FREERTOS//home/osboxes/test-C/gap_sdk/rtos/pmsis/bsp/ota/updater.o
LOAD /home/osboxes/test-C/src/exo3and4/BUILD/GAP8_V3/GCC_RISCV_FREERTOS//home/osboxes/test-C/gap_sdk/rtos/pmsis/bsp/bootloader/bootloader_utility.o
LOAD /home/osboxes/test-C/src/exo3and4/BUILD/GAP8_V3/GCC_RISCV_FREERTOS//home/osboxes/test-C/gap_sdk/rtos/pmsis/bsp/bsp/gapuino.o
LOAD /home/osboxes/test-C/src/exo3and4/BUILD/GAP8_V3/GCC_RISCV_FREERTOS//home/osboxes/test-C/gap_sdk/rtos/pmsis/bsp/camera/camera.o
LOAD /home/osboxes/test-C/src/exo3and4/BUILD/GAP8_V3/GCC_RISCV_FREERTOS//home/osboxes/test-C/gap_sdk/rtos/pmsis/bsp/camera/himax/himax.o
LOAD /home/osboxes/test-C/src/exo3and4/BUILD/GAP8_V3/GCC_RISCV_FREERTOS//home/osboxes/test-C/gap_sdk/rtos/pmsis/bsp/camera/hm0360/hm0360.o
LOAD /home/osboxes/test-C/src/exo3and4/BUILD/GAP8_V3/GCC_RISCV_FREERTOS//home/osboxes/test-C/gap_sdk/rtos/pmsis/bsp/camera/ov7670/ov7670.o
LOAD /home/osboxes/test-C/src/exo3and4/BUILD/GAP8_V3/GCC_RISCV_FREERTOS//home/osboxes/test-C/gap_sdk/rtos/pmsis/bsp/camera/gc0308/gc0308.o
LOAD /home/osboxes/test-C/src/exo3and4/BUILD/GAP8_V3/GCC_RISCV_FREERTOS//home/osboxes/test-C/gap_sdk/rtos/pmsis/bsp/camera/ov5640/ov5640.o
LOAD /home/osboxes/test-C/src/exo3and4/BUILD/GAP8_V3/GCC_RISCV_FREERTOS//home/osboxes/test-C/gap_sdk/rtos/pmsis/bsp/camera/pixart/pixart.o
LOAD /home/osboxes/test-C/src/exo3and4/BUILD/GAP8_V3/GCC_RISCV_FREERTOS//home/osboxes/test-C/gap_sdk/rtos/pmsis/bsp/display/display.o
LOAD /home/osboxes/test-C/src/exo3and4/BUILD/GAP8_V3/GCC_RISCV_FREERTOS//home/osboxes/test-C/gap_sdk/rtos/pmsis/bsp/display/ili9341/ili9341.o
LOAD /home/osboxes/test-C/src/exo3and4/BUILD/GAP8_V3/GCC_RISCV_FREERTOS//home/osboxes/test-C/gap_sdk/rtos/pmsis/bsp/flash/hyperflash/hyperflash.o
LOAD /home/osboxes/test-C/src/exo3and4/BUILD/GAP8_V3/GCC_RISCV_FREERTOS//home/osboxes/test-C/gap_sdk/rtos/pmsis/bsp/ram/hyperram/hyperram.o
LOAD /home/osboxes/test-C/src/exo3and4/BUILD/GAP8_V3/GCC_RISCV_FREERTOS//home/osboxes/test-C/gap_sdk/rtos/pmsis/bsp/ram/spiram/spiram.o
LOAD /home/osboxes/test-C/src/exo3and4/BUILD/GAP8_V3/GCC_RISCV_FREERTOS//home/osboxes/test-C/gap_sdk/rtos/pmsis/bsp/flash/spiflash/spiflash.o
LOAD /home/osboxes/test-C/src/exo3and4/BUILD/GAP8_V3/GCC_RISCV_FREERTOS//home/osboxes/test-C/gap_sdk/rtos/pmsis/bsp/ram/ram.o
LOAD /home/osboxes/test-C/src/exo3and4/BUILD/GAP8_V3/GCC_RISCV_FREERTOS//home/osboxes/test-C/gap_sdk/rtos/pmsis/bsp/ram/alloc_extern.o
LOAD /home/osboxes/test-C/src/exo3and4/BUILD/GAP8_V3/GCC_RISCV_FREERTOS//home/osboxes/test-C/gap_sdk/rtos/freeRTOS/vendors/gwt/pmsis/rtos/pi_log.o
LOAD /home/osboxes/test-C/src/exo3and4/BUILD/GAP8_V3/GCC_RISCV_FREERTOS//home/osboxes/test-C/gap_sdk/rtos/freeRTOS/vendors/gwt/pmsis/rtos/event_kernel/event_kernel.o
LOAD /home/osboxes/test-C/src/exo3and4/BUILD/GAP8_V3/GCC_RISCV_FREERTOS//home/osboxes/test-C/gap_sdk/rtos/freeRTOS/vendors/gwt/pmsis/rtos/mem_slab/mem_slab.o
LOAD /home/osboxes/test-C/src/exo3and4/BUILD/GAP8_V3/GCC_RISCV_FREERTOS//home/osboxes/test-C/gap_sdk/rtos/freeRTOS/vendors/gwt/pmsis/rtos/malloc/cl_l1_malloc.o
LOAD /home/osboxes/test-C/src/exo3and4/BUILD/GAP8_V3/GCC_RISCV_FREERTOS//home/osboxes/test-C/gap_sdk/rtos/freeRTOS/vendors/gwt/pmsis/rtos/malloc/fc_l1_malloc.o
LOAD /home/osboxes/test-C/src/exo3and4/BUILD/GAP8_V3/GCC_RISCV_FREERTOS//home/osboxes/test-C/gap_sdk/rtos/freeRTOS/vendors/gwt/pmsis/rtos/malloc/l2_malloc.o
LOAD /home/osboxes/test-C/src/exo3and4/BUILD/GAP8_V3/GCC_RISCV_FREERTOS//home/osboxes/test-C/gap_sdk/rtos/freeRTOS/vendors/gwt/pmsis/rtos/malloc/malloc_external.o
LOAD /home/osboxes/test-C/src/exo3and4/BUILD/GAP8_V3/GCC_RISCV_FREERTOS//home/osboxes/test-C/gap_sdk/rtos/freeRTOS/vendors/gwt/pmsis/rtos/malloc/malloc_internal.o
LOAD /home/osboxes/test-C/src/exo3and4/BUILD/GAP8_V3/GCC_RISCV_FREERTOS//home/osboxes/test-C/gap_sdk/rtos/freeRTOS/vendors/gwt/pmsis/rtos/malloc/pi_malloc.o
LOAD /home/osboxes/test-C/src/exo3and4/BUILD/GAP8_V3/GCC_RISCV_FREERTOS//home/osboxes/test-C/gap_sdk/rtos/freeRTOS/vendors/gwt/pmsis/rtos/os/device.o
LOAD /home/osboxes/test-C/src/exo3and4/BUILD/GAP8_V3/GCC_RISCV_FREERTOS//home/osboxes/test-C/gap_sdk/rtos/freeRTOS/vendors/gwt/pmsis/rtos/os/pmsis_task.o
LOAD /home/osboxes/test-C/src/exo3and4/BUILD/GAP8_V3/GCC_RISCV_FREERTOS//home/osboxes/test-C/gap_sdk/rtos/freeRTOS/vendors/gwt/pmsis/backend/pmsis_backend_native_task_api.o
LOAD /home/osboxes/test-C/src/exo3and4/BUILD/GAP8_V3/GCC_RISCV_FREERTOS//home/osboxes/test-C/gap_sdk/rtos/freeRTOS/freertos_kernel/portable/GCC/RI5CY-GAP8/port.o
LOAD /home/osboxes/test-C/src/exo3and4/BUILD/GAP8_V3/GCC_RISCV_FREERTOS//home/osboxes/test-C/gap_sdk/rtos/freeRTOS/vendors/gwt/libs/printf/printf.o
LOAD /home/osboxes/test-C/src/exo3and4/BUILD/GAP8_V3/GCC_RISCV_FREERTOS//home/osboxes/test-C/gap_sdk/rtos/freeRTOS/freertos_kernel/list.o
LOAD /home/osboxes/test-C/src/exo3and4/BUILD/GAP8_V3/GCC_RISCV_FREERTOS//home/osboxes/test-C/gap_sdk/rtos/freeRTOS/freertos_kernel/queue.o
LOAD /home/osboxes/test-C/src/exo3and4/BUILD/GAP8_V3/GCC_RISCV_FREERTOS//home/osboxes/test-C/gap_sdk/rtos/freeRTOS/freertos_kernel/tasks.o
LOAD /home/osboxes/test-C/src/exo3and4/BUILD/GAP8_V3/GCC_RISCV_FREERTOS//home/osboxes/test-C/gap_sdk/rtos/freeRTOS/freertos_kernel/timers.o
LOAD /home/osboxes/test-C/src/exo3and4/BUILD/GAP8_V3/GCC_RISCV_FREERTOS//home/osboxes/test-C/gap_sdk/rtos/freeRTOS/freertos_kernel/event_groups.o
LOAD /home/osboxes/test-C/src/exo3and4/BUILD/GAP8_V3/GCC_RISCV_FREERTOS//home/osboxes/test-C/gap_sdk/rtos/freeRTOS/freertos_kernel/stream_buffer.o
LOAD /home/osboxes/test-C/src/exo3and4/BUILD/GAP8_V3/GCC_RISCV_FREERTOS//home/osboxes/test-C/gap_sdk/rtos/freeRTOS/demos/gwt/config/gap8/FreeRTOS_util.o
LOAD /usr/lib/gap_riscv_toolchain/bin/../lib/gcc/riscv32-unknown-elf/7.1.1/rv32imcxgap8/ilp32/libgcc.a
                0x0000000000000000                __DYNAMIC = 0x0
                0x0000000000001000                __STACK_FC_SIZE = 0x1000
                0x0000000000000400                __STACK_IRQ_SIZE = 0x400

.l1FcTiny       0x000000001b000000        0x0
                0x000000001b000000                . = ALIGN (0x4)
                0x000000001b000000                __l1FcShared_start = .
 *(.l1FcTiny)
 *(.l1FcTiny.*)
                0x000000001b000000                . = ALIGN (0x4)
                0x000000001b000000                __l1FcShared_end = .
                0x0000000000000000                __l1FcShared_size = (__l1FcShared_end - __l1FcShared_start)

.fcTcdmTiny     0x0000000000000004        0xc load address 0x000000001b000000
 *(.fcTcdmTiny)
 .fcTcdmTiny    0x0000000000000004        0xc /home/osboxes/test-C/src/exo3and4/BUILD/GAP8_V3/GCC_RISCV_FREERTOS//home/osboxes/test-C/gap_sdk/rtos/freeRTOS/vendors/gwt/gap8/pmsis/drivers/udma/hyperbus/hyperbus_internal.o
                0x0000000000000004                __global_hyper_driver_fifo
                0x0000000000000008                __global_hyper_fifo_head
                0x000000000000000c                __global_hyper_fifo_tail
 *(.fcTcdmTiny.*)

.fcTcdm
 *(.fcTcdm)
 *(.fcTcdm.*)

.fcTcdm_g       0x000000001b00000c      0x5bc
                0x000000001b000010                . = ALIGN (0x8)
 *fill*         0x000000001b00000c        0x4 
                0x000000001b000010                __fc_tcdm_g_start = .
 *(.fcTcdm_g)
 .fcTcdm_g      0x000000001b000010      0x264 /home/osboxes/test-C/src/exo3and4/BUILD/GAP8_V3/GCC_RISCV_FREERTOS//home/osboxes/test-C/gap_sdk/rtos/freeRTOS/vendors/gwt/gap8/pmsis/cluster/drivers/cluster_synchronisation/cl_to_fc_delegate.o
                0x000000001b000010                delegate_task
                0x000000001b000270                delegate_task_mask
 .fcTcdm_g      0x000000001b000274       0xe4 /home/osboxes/test-C/src/exo3and4/BUILD/GAP8_V3/GCC_RISCV_FREERTOS//home/osboxes/test-C/gap_sdk/rtos/freeRTOS/vendors/gwt/gap8/pmsis/drivers/fc_event/fc_event.o
 .fcTcdm_g      0x000000001b000358        0x4 /home/osboxes/test-C/src/exo3and4/BUILD/GAP8_V3/GCC_RISCV_FREERTOS//home/osboxes/test-C/gap_sdk/rtos/freeRTOS/vendors/gwt/pmsis/rtos/event_kernel/event_kernel.o
                0x000000001b000358                default_sched
 .fcTcdm_g      0x000000001b00035c       0x10 /home/osboxes/test-C/src/exo3and4/BUILD/GAP8_V3/GCC_RISCV_FREERTOS//home/osboxes/test-C/gap_sdk/rtos/freeRTOS/vendors/gwt/pmsis/backend/pmsis_backend_native_task_api.o
                0x000000001b00035c                delayed_task
                0x000000001b000364                timer_task
 .fcTcdm_g      0x000000001b00036c      0x258 /home/osboxes/test-C/src/exo3and4/BUILD/GAP8_V3/GCC_RISCV_FREERTOS//home/osboxes/test-C/gap_sdk/rtos/freeRTOS/demos/gwt/config/gap8/FreeRTOS_util.o
 *(.fcTcdm_g.*)
                0x000000001b0005c8                . = ALIGN (0x8)
 *fill*         0x000000001b0005c4        0x4 
                0x000000001b0005c8                __fc_tcdm_g_end = .

.stack_irq      0x000000001b0005c8      0x400
                0x000000001b0005c8                . = ALIGN (0x4)
                0x000000001b0005c8                __stack_irq_end__ = .
                0x000000001b0009c8                . = (. + __STACK_IRQ_SIZE)
 *fill*         0x000000001b0005c8      0x400 
                0x000000001b0009c8                __stack_irq_start__ = .

.heapfcram      0x000000001b0009c8     0x1000
                0x000000001b0009c8                . = ALIGN (0x8)
 *(.heapfcram)
 *(.heapfcram.*)
                0x000000001b0009c8                . = ALIGN (0x8)
                0x000000001b0009c8                __heapfcram_start = .
                0x000000001b0009c8                __stack_fc_end__ = .
                0x000000001b0019c8                . = (. + __STACK_FC_SIZE)
 *fill*         0x000000001b0009c8     0x1000 
                0x000000001b0019c8                __stack_fc_start__ = .
                0x0000000000003638                __heapfcram_size = ((ORIGIN (FC_tcdm) + LENGTH (FC_tcdm)) - __heapfcram_start)

.vectors_irq    0x000000001c000000       0x94
                0x000000001c000000                . = ALIGN (0x100)
                0x000000001c000000                __irq_vector_base_m__ = .
 *(.vectors_irq)
 .vectors_irq   0x000000001c000000       0x94 /home/osboxes/test-C/src/exo3and4/BUILD/GAP8_V3/GCC_RISCV_FREERTOS//home/osboxes/test-C/gap_sdk/rtos/freeRTOS/vendors/gwt/gap8/src/device/startup_gap8.o
                0x000000001c000090                __rt_debug_struct_ptr

.text           0x000000001c000094     0x956c
                0x000000001c000094                . = ALIGN (0x4)
                0x000000001c000094                _stext = .
 *(.text.reset)
 .text.reset    0x000000001c000094       0x7e /home/osboxes/test-C/src/exo3and4/BUILD/GAP8_V3/GCC_RISCV_FREERTOS//home/osboxes/test-C/gap_sdk/rtos/freeRTOS/vendors/gwt/gap8/src/device/startup_gap8.o
                0x000000001c000094                reset_handler
 *(.text)
 .text          0x000000001c000112      0x2c8 /home/osboxes/test-C/src/exo3and4/BUILD/GAP8_V3/GCC_RISCV_FREERTOS//home/osboxes/test-C/gap_sdk/rtos/freeRTOS/vendors/gwt/gap8/src/device/gap8_iet.o
                0x000000001c000112                default_handler
                0x000000001c000116                cluster_notify_fc_handler
                0x000000001c00014e                pendSV_handler
                0x000000001c0001be                systick_handler
                0x000000001c00023a                hi_res_timer_handler
                0x000000001c000272                fc_event_handler
                0x000000001c0002aa                fc_hyper_handler
                0x000000001c000358                dma_irq_handler
                0x000000001c000380                ecall_handler
                0x000000001c0003d2                ill_ins_handler
 .text          0x000000001c0003da      0x126 /home/osboxes/test-C/src/exo3and4/BUILD/GAP8_V3/GCC_RISCV_FREERTOS//home/osboxes/test-C/gap_sdk/rtos/freeRTOS/vendors/gwt/gap8/pmsis/cluster/drivers/cluster_synchronisation/cluster_core.o
                0x000000001c0003da                cluster_exec_loop
                0x000000001c0004f2                cl_slave_stack_setup
 .text          0x000000001c000500       0xd8 /home/osboxes/test-C/src/exo3and4/BUILD/GAP8_V3/GCC_RISCV_FREERTOS//home/osboxes/test-C/gap_sdk/rtos/freeRTOS/vendors/gwt/gap8/pmsis/util/asm_util.o
                0x000000001c000500                ASM_FUNC_SAVE_MINIMAL_CONTEXT
                0x000000001c000544                ASM_FUNC_RESTORE_MINIMAL_CONTEXT
                0x000000001c000588                ASM_FUNC_SAVE_SAVE_CONTEXT
                0x000000001c0005a2                ASM_FUNC_RESTORE_SAVE_CONTEXT
                0x000000001c0005bc                ASM_FUNC_SAVE_CSR_CONTEXT
                0x000000001c0005ca                ASM_FUNC_RESTORE_CSR_CONTEXT
 .text          0x000000001c0005d8       0x8e /home/osboxes/test-C/src/exo3and4/BUILD/GAP8_V3/GCC_RISCV_FREERTOS//home/osboxes/test-C/gap_sdk/rtos/freeRTOS/freertos_kernel/portable/GCC/RI5CY-GAP8/port_asm.o
                0x000000001c0005d8                xPortStartScheduler
 .text          0x000000001c000666       0x64 /home/osboxes/test-C/src/exo3and4/BUILD/GAP8_V3/GCC_RISCV_FREERTOS//home/osboxes/test-C/gap_sdk/rtos/freeRTOS/vendors/gwt/gap8/pmsis/drivers/fc_event/fc_event.o
                0x000000001c000666                fc_soc_event_handler
 .text          0x000000001c0006ca       0x80 /home/osboxes/test-C/src/exo3and4/BUILD/GAP8_V3/GCC_RISCV_FREERTOS//home/osboxes/test-C/gap_sdk/rtos/freeRTOS/vendors/gwt/gap8/pmsis/drivers/udma/hyperbus/hyperbus_internal.o
                0x000000001c0006ca                hyper_handler
 .text          0x000000001c00074a      0x5fe /usr/lib/gap_riscv_toolchain/bin/../lib/gcc/riscv32-unknown-elf/7.1.1/rv32imcxgap8/ilp32/libgcc.a(adddf3.o)
                0x000000001c00074a                __adddf3
 .text          0x000000001c000d48      0x4d2 /usr/lib/gap_riscv_toolchain/bin/../lib/gcc/riscv32-unknown-elf/7.1.1/rv32imcxgap8/ilp32/libgcc.a(divdf3.o)
                0x000000001c000d48                __divdf3
 .text          0x000000001c00121a       0x60 /usr/lib/gap_riscv_toolchain/bin/../lib/gcc/riscv32-unknown-elf/7.1.1/rv32imcxgap8/ilp32/libgcc.a(eqdf2.o)
                0x000000001c00121a                __eqdf2
                0x000000001c00121a                __nedf2
 .text          0x000000001c00127a       0xae /usr/lib/gap_riscv_toolchain/bin/../lib/gcc/riscv32-unknown-elf/7.1.1/rv32imcxgap8/ilp32/libgcc.a(gedf2.o)
                0x000000001c00127a                __gtdf2
                0x000000001c00127a                __gedf2
 .text          0x000000001c001328       0xae /usr/lib/gap_riscv_toolchain/bin/../lib/gcc/riscv32-unknown-elf/7.1.1/rv32imcxgap8/ilp32/libgcc.a(ledf2.o)
                0x000000001c001328                __ltdf2
                0x000000001c001328                __ledf2
 .text          0x000000001c0013d6      0x43a /usr/lib/gap_riscv_toolchain/bin/../lib/gcc/riscv32-unknown-elf/7.1.1/rv32imcxgap8/ilp32/libgcc.a(muldf3.o)
                0x000000001c0013d6                __muldf3
 .text          0x000000001c001810      0x612 /usr/lib/gap_riscv_toolchain/bin/../lib/gcc/riscv32-unknown-elf/7.1.1/rv32imcxgap8/ilp32/libgcc.a(subdf3.o)
                0x000000001c001810                __subdf3
 .text          0x000000001c001e22       0x5c /usr/lib/gap_riscv_toolchain/bin/../lib/gcc/riscv32-unknown-elf/7.1.1/rv32imcxgap8/ilp32/libgcc.a(fixdfsi.o)
                0x000000001c001e22                __fixdfsi
 .text          0x000000001c001e7e       0x52 /usr/lib/gap_riscv_toolchain/bin/../lib/gcc/riscv32-unknown-elf/7.1.1/rv32imcxgap8/ilp32/libgcc.a(fixunsdfsi.o)
                0x000000001c001e7e                __fixunsdfsi
 .text          0x000000001c001ed0       0x58 /usr/lib/gap_riscv_toolchain/bin/../lib/gcc/riscv32-unknown-elf/7.1.1/rv32imcxgap8/ilp32/libgcc.a(floatsidf.o)
                0x000000001c001ed0                __floatsidf
 .text          0x000000001c001f28       0x4c /usr/lib/gap_riscv_toolchain/bin/../lib/gcc/riscv32-unknown-elf/7.1.1/rv32imcxgap8/ilp32/libgcc.a(floatunsidf.o)
                0x000000001c001f28                __floatunsidf
 *(.text.*)
 .text.__native_core_id
                0x000000001c001f74       0x14 /home/osboxes/test-C/src/exo3and4/BUILD/GAP8_V3/GCC_RISCV_FREERTOS/copydata.o
 .text.hal_compiler_barrier
                0x000000001c001f88        0x4 /home/osboxes/test-C/src/exo3and4/BUILD/GAP8_V3/GCC_RISCV_FREERTOS/copydata.o
 .text.hal_write32
                0x000000001c001f8c       0x1a /home/osboxes/test-C/src/exo3and4/BUILD/GAP8_V3/GCC_RISCV_FREERTOS/copydata.o
 .text.hal_read32
                0x000000001c001fa6       0x1a /home/osboxes/test-C/src/exo3and4/BUILD/GAP8_V3/GCC_RISCV_FREERTOS/copydata.o
 .text.pi_core_id
                0x000000001c001fc0       0x10 /home/osboxes/test-C/src/exo3and4/BUILD/GAP8_V3/GCC_RISCV_FREERTOS/copydata.o
 .text.pi_cl_cluster_nb_pe_cores
                0x000000001c001fd0        0x6 /home/osboxes/test-C/src/exo3and4/BUILD/GAP8_V3/GCC_RISCV_FREERTOS/copydata.o
 .text.hal_evt_read32
                0x000000001c001fd6       0x16 /home/osboxes/test-C/src/exo3and4/BUILD/GAP8_V3/GCC_RISCV_FREERTOS/copydata.o
 .text.hal_eu_evt_mask_set
                0x000000001c001fec       0x12 /home/osboxes/test-C/src/exo3and4/BUILD/GAP8_V3/GCC_RISCV_FREERTOS/copydata.o
 .text.hal_eu_evt_mask_clr
                0x000000001c001ffe       0x12 /home/osboxes/test-C/src/exo3and4/BUILD/GAP8_V3/GCC_RISCV_FREERTOS/copydata.o
 .text.hal_eu_evt_wait
                0x000000001c002010       0x1a /home/osboxes/test-C/src/exo3and4/BUILD/GAP8_V3/GCC_RISCV_FREERTOS/copydata.o
 .text.hal_eu_evt_wait_and_clr
                0x000000001c00202a       0x1a /home/osboxes/test-C/src/exo3and4/BUILD/GAP8_V3/GCC_RISCV_FREERTOS/copydata.o
 .text.hal_eu_evt_mask_wait_and_clr
                0x000000001c002044       0x1c /home/osboxes/test-C/src/exo3and4/BUILD/GAP8_V3/GCC_RISCV_FREERTOS/copydata.o
 .text.hal_eu_evt_mask_wait
                0x000000001c002060       0x1c /home/osboxes/test-C/src/exo3and4/BUILD/GAP8_V3/GCC_RISCV_FREERTOS/copydata.o
 .text.hal_cl_eu_dispatch_fifo_push
                0x000000001c00207c       0x20 /home/osboxes/test-C/src/exo3and4/BUILD/GAP8_V3/GCC_RISCV_FREERTOS/copydata.o
 .text.hal_cl_eu_dispatch_team_config
                0x000000001c00209c       0x22 /home/osboxes/test-C/src/exo3and4/BUILD/GAP8_V3/GCC_RISCV_FREERTOS/copydata.o
 .text.hal_cl_eu_barrier_addr_get
                0x000000001c0020be       0x16 /home/osboxes/test-C/src/exo3and4/BUILD/GAP8_V3/GCC_RISCV_FREERTOS/copydata.o
 .text.hal_cl_eu_barrier_setup
                0x000000001c0020d4       0x22 /home/osboxes/test-C/src/exo3and4/BUILD/GAP8_V3/GCC_RISCV_FREERTOS/copydata.o
 .text.hal_cl_eu_barrier_team_get
                0x000000001c0020f6       0x18 /home/osboxes/test-C/src/exo3and4/BUILD/GAP8_V3/GCC_RISCV_FREERTOS/copydata.o
 .text.hal_cl_eu_barrier_trigger_wait_clear
                0x000000001c00210e       0x16 /home/osboxes/test-C/src/exo3and4/BUILD/GAP8_V3/GCC_RISCV_FREERTOS/copydata.o
 .text.hal_cl_dma_cmd_make
                0x000000001c002124       0xb4 /home/osboxes/test-C/src/exo3and4/BUILD/GAP8_V3/GCC_RISCV_FREERTOS/copydata.o
 .text.cl_dma_cmd_set
                0x000000001c0021d8       0x1e /home/osboxes/test-C/src/exo3and4/BUILD/GAP8_V3/GCC_RISCV_FREERTOS/copydata.o
 .text.cl_dma_cmd_get
                0x000000001c0021f6       0x18 /home/osboxes/test-C/src/exo3and4/BUILD/GAP8_V3/GCC_RISCV_FREERTOS/copydata.o
 .text.cl_dma_status_set
                0x000000001c00220e       0x1e /home/osboxes/test-C/src/exo3and4/BUILD/GAP8_V3/GCC_RISCV_FREERTOS/copydata.o
 .text.cl_dma_status_get
                0x000000001c00222c       0x18 /home/osboxes/test-C/src/exo3and4/BUILD/GAP8_V3/GCC_RISCV_FREERTOS/copydata.o
 .text.hal_cl_dma_tid_get
                0x000000001c002244       0x14 /home/osboxes/test-C/src/exo3and4/BUILD/GAP8_V3/GCC_RISCV_FREERTOS/copydata.o
 .text.hal_cl_dma_1d_transfer_push
                0x000000001c002258       0x1e /home/osboxes/test-C/src/exo3and4/BUILD/GAP8_V3/GCC_RISCV_FREERTOS/copydata.o
 .text.hal_cl_dma_tid_free
                0x000000001c002276       0x20 /home/osboxes/test-C/src/exo3and4/BUILD/GAP8_V3/GCC_RISCV_FREERTOS/copydata.o
 .text.hal_cl_dma_wait
                0x000000001c002296       0x5c /home/osboxes/test-C/src/exo3and4/BUILD/GAP8_V3/GCC_RISCV_FREERTOS/copydata.o
 .text.__os_native_exit
                0x000000001c0022f2        0xc /home/osboxes/test-C/src/exo3and4/BUILD/GAP8_V3/GCC_RISCV_FREERTOS/copydata.o
 .text.__os_native_api_disable_irq
                0x000000001c0022fe       0x12 /home/osboxes/test-C/src/exo3and4/BUILD/GAP8_V3/GCC_RISCV_FREERTOS/copydata.o
 .text.__os_native_api_restore_irq
                0x000000001c002310       0x14 /home/osboxes/test-C/src/exo3and4/BUILD/GAP8_V3/GCC_RISCV_FREERTOS/copydata.o
 .text.pmsis_kickoff
                0x000000001c002324       0x16 /home/osboxes/test-C/src/exo3and4/BUILD/GAP8_V3/GCC_RISCV_FREERTOS/copydata.o
 .text.pmsis_exit
                0x000000001c00233a       0x12 /home/osboxes/test-C/src/exo3and4/BUILD/GAP8_V3/GCC_RISCV_FREERTOS/copydata.o
 .text.pi_irq_disable
                0x000000001c00234c       0x12 /home/osboxes/test-C/src/exo3and4/BUILD/GAP8_V3/GCC_RISCV_FREERTOS/copydata.o
 .text.pi_irq_restore
                0x000000001c00235e       0x14 /home/osboxes/test-C/src/exo3and4/BUILD/GAP8_V3/GCC_RISCV_FREERTOS/copydata.o
 .text.disable_irq
                0x000000001c002372       0x10 /home/osboxes/test-C/src/exo3and4/BUILD/GAP8_V3/GCC_RISCV_FREERTOS/copydata.o
 .text.restore_irq
                0x000000001c002382       0x12 /home/osboxes/test-C/src/exo3and4/BUILD/GAP8_V3/GCC_RISCV_FREERTOS/copydata.o
 .text.pi_cluster_task
                0x000000001c002394       0x44 /home/osboxes/test-C/src/exo3and4/BUILD/GAP8_V3/GCC_RISCV_FREERTOS/copydata.o
 .text.pi_cl_team_barrier
                0x000000001c0023d8       0x16 /home/osboxes/test-C/src/exo3and4/BUILD/GAP8_V3/GCC_RISCV_FREERTOS/copydata.o
 .text.__pi_cl_team_barrier_sync_set
                0x000000001c0023ee       0x1a /home/osboxes/test-C/src/exo3and4/BUILD/GAP8_V3/GCC_RISCV_FREERTOS/copydata.o
 .text.__pi_cl_team_barrier_sync_wait_clear
                0x000000001c002408       0x16 /home/osboxes/test-C/src/exo3and4/BUILD/GAP8_V3/GCC_RISCV_FREERTOS/copydata.o
 .text.__pi_cl_team_config_set
                0x000000001c00241e       0x38 /home/osboxes/test-C/src/exo3and4/BUILD/GAP8_V3/GCC_RISCV_FREERTOS/copydata.o
 .text.__pi_cl_team_dispatch
                0x000000001c002456       0x1c /home/osboxes/test-C/src/exo3and4/BUILD/GAP8_V3/GCC_RISCV_FREERTOS/copydata.o
 .text.pi_cl_team_fork
                0x000000001c002472       0x50 /home/osboxes/test-C/src/exo3and4/BUILD/GAP8_V3/GCC_RISCV_FREERTOS/copydata.o
 .text.__pi_cl_dma_copy
                0x000000001c0024c2       0xca /home/osboxes/test-C/src/exo3and4/BUILD/GAP8_V3/GCC_RISCV_FREERTOS/copydata.o
 .text.__pi_cl_dma_1d_copy
                0x000000001c00258c       0xdc /home/osboxes/test-C/src/exo3and4/BUILD/GAP8_V3/GCC_RISCV_FREERTOS/copydata.o
 .text.__pi_cl_dma_wait
                0x000000001c002668       0x30 /home/osboxes/test-C/src/exo3and4/BUILD/GAP8_V3/GCC_RISCV_FREERTOS/copydata.o
 .text.pi_cl_dma_memcpy
                0x000000001c002698       0x2c /home/osboxes/test-C/src/exo3and4/BUILD/GAP8_V3/GCC_RISCV_FREERTOS/copydata.o
 .text.pi_cl_dma_wait
                0x000000001c0026c4       0x12 /home/osboxes/test-C/src/exo3and4/BUILD/GAP8_V3/GCC_RISCV_FREERTOS/copydata.o
 .text.list_to_matrice
                0x000000001c0026d6       0x8c /home/osboxes/test-C/src/exo3and4/BUILD/GAP8_V3/GCC_RISCV_FREERTOS/copydata.o
                0x000000001c0026d6                list_to_matrice
 .text.matrice_to_list
                0x000000001c002762       0x70 /home/osboxes/test-C/src/exo3and4/BUILD/GAP8_V3/GCC_RISCV_FREERTOS/copydata.o
                0x000000001c002762                matrice_to_list
 .text.addMatrices
                0x000000001c0027d2       0x9e /home/osboxes/test-C/src/exo3and4/BUILD/GAP8_V3/GCC_RISCV_FREERTOS/copydata.o
                0x000000001c0027d2                addMatrices
 .text.multiplySquareMatrices
                0x000000001c002870       0xec /home/osboxes/test-C/src/exo3and4/BUILD/GAP8_V3/GCC_RISCV_FREERTOS/copydata.o
                0x000000001c002870                multiplySquareMatrices
 .text.cluster_dma
                0x000000001c00295c      0x278 /home/osboxes/test-C/src/exo3and4/BUILD/GAP8_V3/GCC_RISCV_FREERTOS/copydata.o
                0x000000001c00295c                cluster_dma
 .text.master_entry
                0x000000001c002bd4       0x36 /home/osboxes/test-C/src/exo3and4/BUILD/GAP8_V3/GCC_RISCV_FREERTOS/copydata.o
                0x000000001c002bd4                master_entry
 .text.test_cluster_dma
                0x000000001c002c0a      0x310 /home/osboxes/test-C/src/exo3and4/BUILD/GAP8_V3/GCC_RISCV_FREERTOS/copydata.o
                0x000000001c002c0a                test_cluster_dma
 .text.main     0x000000001c002f1a       0x26 /home/osboxes/test-C/src/exo3and4/BUILD/GAP8_V3/GCC_RISCV_FREERTOS/copydata.o
                0x000000001c002f1a                main
 .text.__NVIC_EnableIRQ
                0x000000001c002f40       0x26 /home/osboxes/test-C/src/exo3and4/BUILD/GAP8_V3/GCC_RISCV_FREERTOS//home/osboxes/test-C/gap_sdk/rtos/freeRTOS/vendors/gwt/gap8/src/device/system_gap8.o
 .text.__native_cluster_id
                0x000000001c002f66       0x16 /home/osboxes/test-C/src/exo3and4/BUILD/GAP8_V3/GCC_RISCV_FREERTOS//home/osboxes/test-C/gap_sdk/rtos/freeRTOS/vendors/gwt/gap8/src/device/system_gap8.o
 .text.__native_is_fc
                0x000000001c002f7c       0x1a /home/osboxes/test-C/src/exo3and4/BUILD/GAP8_V3/GCC_RISCV_FREERTOS//home/osboxes/test-C/gap_sdk/rtos/freeRTOS/vendors/gwt/gap8/src/device/system_gap8.o
 .text.hal_compiler_barrier
                0x000000001c002f96        0x4 /home/osboxes/test-C/src/exo3and4/BUILD/GAP8_V3/GCC_RISCV_FREERTOS//home/osboxes/test-C/gap_sdk/rtos/freeRTOS/vendors/gwt/gap8/src/device/system_gap8.o
 .text.hal_write32
                0x000000001c002f9a       0x1a /home/osboxes/test-C/src/exo3and4/BUILD/GAP8_V3/GCC_RISCV_FREERTOS//home/osboxes/test-C/gap_sdk/rtos/freeRTOS/vendors/gwt/gap8/src/device/system_gap8.o
 .text.pi_is_fc
                0x000000001c002fb4       0x10 /home/osboxes/test-C/src/exo3and4/BUILD/GAP8_V3/GCC_RISCV_FREERTOS//home/osboxes/test-C/gap_sdk/rtos/freeRTOS/vendors/gwt/gap8/src/device/system_gap8.o
 .text.hal_evt_read32
                0x000000001c002fc4       0x16 /home/osboxes/test-C/src/exo3and4/BUILD/GAP8_V3/GCC_RISCV_FREERTOS//home/osboxes/test-C/gap_sdk/rtos/freeRTOS/vendors/gwt/gap8/src/device/system_gap8.o
 .text.hal_eu_evt_mask_clr
                0x000000001c002fda       0x12 /home/osboxes/test-C/src/exo3and4/BUILD/GAP8_V3/GCC_RISCV_FREERTOS//home/osboxes/test-C/gap_sdk/rtos/freeRTOS/vendors/gwt/gap8/src/device/system_gap8.o
 .text.hal_eu_evt_wait
                0x000000001c002fec       0x1a /home/osboxes/test-C/src/exo3and4/BUILD/GAP8_V3/GCC_RISCV_FREERTOS//home/osboxes/test-C/gap_sdk/rtos/freeRTOS/vendors/gwt/gap8/src/device/system_gap8.o
 .text.soc_ctrl_corestatus_set
                0x000000001c003006       0x22 /home/osboxes/test-C/src/exo3and4/BUILD/GAP8_V3/GCC_RISCV_FREERTOS//home/osboxes/test-C/gap_sdk/rtos/freeRTOS/vendors/gwt/gap8/src/device/system_gap8.o
 .text.system_init
                0x000000001c003028       0x6a /home/osboxes/test-C/src/exo3and4/BUILD/GAP8_V3/GCC_RISCV_FREERTOS//home/osboxes/test-C/gap_sdk/rtos/freeRTOS/vendors/gwt/gap8/src/device/system_gap8.o
                0x000000001c003028                system_init
 .text.system_setup_systick
                0x000000001c003092       0x78 /home/osboxes/test-C/src/exo3and4/BUILD/GAP8_V3/GCC_RISCV_FREERTOS//home/osboxes/test-C/gap_sdk/rtos/freeRTOS/vendors/gwt/gap8/src/device/system_gap8.o
                0x000000001c003092                system_setup_systick
 .text.system_core_clock_update
                0x000000001c00310a       0xdc /home/osboxes/test-C/src/exo3and4/BUILD/GAP8_V3/GCC_RISCV_FREERTOS//home/osboxes/test-C/gap_sdk/rtos/freeRTOS/vendors/gwt/gap8/src/device/system_gap8.o
                0x000000001c00310a                system_core_clock_update
 .text.system_exit
                0x000000001c0031e6       0x20 /home/osboxes/test-C/src/exo3and4/BUILD/GAP8_V3/GCC_RISCV_FREERTOS//home/osboxes/test-C/gap_sdk/rtos/freeRTOS/vendors/gwt/gap8/src/device/system_gap8.o
                0x000000001c0031e6                system_exit
 .text.hal_compiler_barrier
                0x000000001c003206        0x4 /home/osboxes/test-C/src/exo3and4/BUILD/GAP8_V3/GCC_RISCV_FREERTOS//home/osboxes/test-C/gap_sdk/rtos/freeRTOS/vendors/gwt/gap8/src/device/gap8_it.o
 .text.hal_write32
                0x000000001c00320a       0x1a /home/osboxes/test-C/src/exo3and4/BUILD/GAP8_V3/GCC_RISCV_FREERTOS//home/osboxes/test-C/gap_sdk/rtos/freeRTOS/vendors/gwt/gap8/src/device/gap8_it.o
 .text.hal_eu_fc_evt_trig_set
                0x000000001c003224       0x26 /home/osboxes/test-C/src/exo3and4/BUILD/GAP8_V3/GCC_RISCV_FREERTOS//home/osboxes/test-C/gap_sdk/rtos/freeRTOS/vendors/gwt/gap8/src/device/gap8_it.o
 .text.__os_native_exit
                0x000000001c00324a        0xa /home/osboxes/test-C/src/exo3and4/BUILD/GAP8_V3/GCC_RISCV_FREERTOS//home/osboxes/test-C/gap_sdk/rtos/freeRTOS/vendors/gwt/gap8/src/device/gap8_it.o
 .text.pmsis_exit
                0x000000001c003254       0x12 /home/osboxes/test-C/src/exo3and4/BUILD/GAP8_V3/GCC_RISCV_FREERTOS//home/osboxes/test-C/gap_sdk/rtos/freeRTOS/vendors/gwt/gap8/src/device/gap8_it.o
 .text.vSetPendSV
                0x000000001c003266       0x12 /home/osboxes/test-C/src/exo3and4/BUILD/GAP8_V3/GCC_RISCV_FREERTOS//home/osboxes/test-C/gap_sdk/rtos/freeRTOS/vendors/gwt/gap8/src/device/gap8_it.o
                0x000000001c003266                vSetPendSV
 .text._procid  0x000000001c003278       0x1a /home/osboxes/test-C/src/exo3and4/BUILD/GAP8_V3/GCC_RISCV_FREERTOS//home/osboxes/test-C/gap_sdk/rtos/freeRTOS/vendors/gwt/gap8/src/device/gap8_it.o
                0x000000001c003278                _procid
 .text._clusterid
                0x000000001c003292       0x18 /home/osboxes/test-C/src/exo3and4/BUILD/GAP8_V3/GCC_RISCV_FREERTOS//home/osboxes/test-C/gap_sdk/rtos/freeRTOS/vendors/gwt/gap8/src/device/gap8_it.o
                0x000000001c003292                _clusterid
 .text._isr_default
                0x000000001c0032aa       0x1a /home/osboxes/test-C/src/exo3and4/BUILD/GAP8_V3/GCC_RISCV_FREERTOS//home/osboxes/test-C/gap_sdk/rtos/freeRTOS/vendors/gwt/gap8/src/device/gap8_it.o
                0x000000001c0032aa                _isr_default
 .text._ill_insn_print
                0x000000001c0032c4       0x14 /home/osboxes/test-C/src/exo3and4/BUILD/GAP8_V3/GCC_RISCV_FREERTOS//home/osboxes/test-C/gap_sdk/rtos/freeRTOS/vendors/gwt/gap8/src/device/gap8_it.o
                0x000000001c0032c4                _ill_insn_print
 .text.__native_cluster_id
                0x000000001c0032d8       0x16 /home/osboxes/test-C/src/exo3and4/BUILD/GAP8_V3/GCC_RISCV_FREERTOS//home/osboxes/test-C/gap_sdk/rtos/freeRTOS/vendors/gwt/gap8/src/driver/gap_io.o
 .text.__native_is_fc
                0x000000001c0032ee       0x1a /home/osboxes/test-C/src/exo3and4/BUILD/GAP8_V3/GCC_RISCV_FREERTOS//home/osboxes/test-C/gap_sdk/rtos/freeRTOS/vendors/gwt/gap8/src/driver/gap_io.o
 .text.__stdout_putc
                0x000000001c003308       0x52 /home/osboxes/test-C/src/exo3and4/BUILD/GAP8_V3/GCC_RISCV_FREERTOS//home/osboxes/test-C/gap_sdk/rtos/freeRTOS/vendors/gwt/gap8/src/driver/gap_io.o
 .text.tfp_putc
                0x000000001c00335a       0x1c /home/osboxes/test-C/src/exo3and4/BUILD/GAP8_V3/GCC_RISCV_FREERTOS//home/osboxes/test-C/gap_sdk/rtos/freeRTOS/vendors/gwt/gap8/src/driver/gap_io.o
 .text._putchar
                0x000000001c003376       0x1c /home/osboxes/test-C/src/exo3and4/BUILD/GAP8_V3/GCC_RISCV_FREERTOS//home/osboxes/test-C/gap_sdk/rtos/freeRTOS/vendors/gwt/gap8/src/driver/gap_io.o
                0x000000001c003376                _putchar
 .text.system_exit_printf_flush
                0x000000001c003392       0x1a /home/osboxes/test-C/src/exo3and4/BUILD/GAP8_V3/GCC_RISCV_FREERTOS//home/osboxes/test-C/gap_sdk/rtos/freeRTOS/vendors/gwt/gap8/src/driver/gap_io.o
                0x000000001c003392                system_exit_printf_flush
 .text.memcpy   0x000000001c0033ac       0x3e /home/osboxes/test-C/src/exo3and4/BUILD/GAP8_V3/GCC_RISCV_FREERTOS//home/osboxes/test-C/gap_sdk/rtos/freeRTOS/vendors/gwt/libs/src/string.o
                0x000000001c0033ac                memcpy
 .text.memset   0x000000001c0033ea       0x36 /home/osboxes/test-C/src/exo3and4/BUILD/GAP8_V3/GCC_RISCV_FREERTOS//home/osboxes/test-C/gap_sdk/rtos/freeRTOS/vendors/gwt/libs/src/string.o
                0x000000001c0033ea                memset
 .text.exit     0x000000001c003420        0xc /home/osboxes/test-C/src/exo3and4/BUILD/GAP8_V3/GCC_RISCV_FREERTOS//home/osboxes/test-C/gap_sdk/rtos/freeRTOS/vendors/gwt/libs/src/stdlib.o
                0x000000001c003420                exit
 .text.__NVIC_EnableIRQ
                0x000000001c00342c       0x26 /home/osboxes/test-C/src/exo3and4/BUILD/GAP8_V3/GCC_RISCV_FREERTOS//home/osboxes/test-C/gap_sdk/rtos/freeRTOS/vendors/gwt/gap8/pmsis/cluster/drivers/cluster_synchronisation/cl_to_fc_delegate.o
 .text.hal_compiler_barrier
                0x000000001c003452        0x4 /home/osboxes/test-C/src/exo3and4/BUILD/GAP8_V3/GCC_RISCV_FREERTOS//home/osboxes/test-C/gap_sdk/rtos/freeRTOS/vendors/gwt/gap8/pmsis/cluster/drivers/cluster_synchronisation/cl_to_fc_delegate.o
 .text.hal_write32
                0x000000001c003456       0x1a /home/osboxes/test-C/src/exo3and4/BUILD/GAP8_V3/GCC_RISCV_FREERTOS//home/osboxes/test-C/gap_sdk/rtos/freeRTOS/vendors/gwt/gap8/pmsis/cluster/drivers/cluster_synchronisation/cl_to_fc_delegate.o
 .text.hal_evt_read32
                0x000000001c003470       0x16 /home/osboxes/test-C/src/exo3and4/BUILD/GAP8_V3/GCC_RISCV_FREERTOS//home/osboxes/test-C/gap_sdk/rtos/freeRTOS/vendors/gwt/gap8/pmsis/cluster/drivers/cluster_synchronisation/cl_to_fc_delegate.o
 .text.hal_eu_evt_mask_set
                0x000000001c003486       0x12 /home/osboxes/test-C/src/exo3and4/BUILD/GAP8_V3/GCC_RISCV_FREERTOS//home/osboxes/test-C/gap_sdk/rtos/freeRTOS/vendors/gwt/gap8/pmsis/cluster/drivers/cluster_synchronisation/cl_to_fc_delegate.o
 .text.hal_eu_evt_mask_clr
                0x000000001c003498       0x12 /home/osboxes/test-C/src/exo3and4/BUILD/GAP8_V3/GCC_RISCV_FREERTOS//home/osboxes/test-C/gap_sdk/rtos/freeRTOS/vendors/gwt/gap8/pmsis/cluster/drivers/cluster_synchronisation/cl_to_fc_delegate.o
 .text.hal_eu_evt_wait_and_clr
                0x000000001c0034aa       0x1a /home/osboxes/test-C/src/exo3and4/BUILD/GAP8_V3/GCC_RISCV_FREERTOS//home/osboxes/test-C/gap_sdk/rtos/freeRTOS/vendors/gwt/gap8/pmsis/cluster/drivers/cluster_synchronisation/cl_to_fc_delegate.o
 .text.hal_eu_evt_mask_wait_and_clr
                0x000000001c0034c4       0x1c /home/osboxes/test-C/src/exo3and4/BUILD/GAP8_V3/GCC_RISCV_FREERTOS//home/osboxes/test-C/gap_sdk/rtos/freeRTOS/vendors/gwt/gap8/pmsis/cluster/drivers/cluster_synchronisation/cl_to_fc_delegate.o
 .text.hal_eu_cluster_evt_trig_set
                0x000000001c0034e0       0x1e /home/osboxes/test-C/src/exo3and4/BUILD/GAP8_V3/GCC_RISCV_FREERTOS//home/osboxes/test-C/gap_sdk/rtos/freeRTOS/vendors/gwt/gap8/pmsis/cluster/drivers/cluster_synchronisation/cl_to_fc_delegate.o
 .text.hal_eu_fc_evt_trig_set
                0x000000001c0034fe       0x26 /home/osboxes/test-C/src/exo3and4/BUILD/GAP8_V3/GCC_RISCV_FREERTOS//home/osboxes/test-C/gap_sdk/rtos/freeRTOS/vendors/gwt/gap8/pmsis/cluster/drivers/cluster_synchronisation/cl_to_fc_delegate.o
 .text.hal_eu_mutex_lock
                0x000000001c003524       0x24 /home/osboxes/test-C/src/exo3and4/BUILD/GAP8_V3/GCC_RISCV_FREERTOS//home/osboxes/test-C/gap_sdk/rtos/freeRTOS/vendors/gwt/gap8/pmsis/cluster/drivers/cluster_synchronisation/cl_to_fc_delegate.o
 .text.hal_eu_mutex_unlock
                0x000000001c003548       0x1c /home/osboxes/test-C/src/exo3and4/BUILD/GAP8_V3/GCC_RISCV_FREERTOS//home/osboxes/test-C/gap_sdk/rtos/freeRTOS/vendors/gwt/gap8/pmsis/cluster/drivers/cluster_synchronisation/cl_to_fc_delegate.o
 .text.pi_task_push
                0x000000001c003564       0x20 /home/osboxes/test-C/src/exo3and4/BUILD/GAP8_V3/GCC_RISCV_FREERTOS//home/osboxes/test-C/gap_sdk/rtos/freeRTOS/vendors/gwt/gap8/pmsis/cluster/drivers/cluster_synchronisation/cl_to_fc_delegate.o
 .text.__os_native_api_disable_irq
                0x000000001c003584       0x12 /home/osboxes/test-C/src/exo3and4/BUILD/GAP8_V3/GCC_RISCV_FREERTOS//home/osboxes/test-C/gap_sdk/rtos/freeRTOS/vendors/gwt/gap8/pmsis/cluster/drivers/cluster_synchronisation/cl_to_fc_delegate.o
 .text.__os_native_api_restore_irq
                0x000000001c003596       0x14 /home/osboxes/test-C/src/exo3and4/BUILD/GAP8_V3/GCC_RISCV_FREERTOS//home/osboxes/test-C/gap_sdk/rtos/freeRTOS/vendors/gwt/gap8/pmsis/cluster/drivers/cluster_synchronisation/cl_to_fc_delegate.o
 .text.pi_irq_disable
                0x000000001c0035aa       0x12 /home/osboxes/test-C/src/exo3and4/BUILD/GAP8_V3/GCC_RISCV_FREERTOS//home/osboxes/test-C/gap_sdk/rtos/freeRTOS/vendors/gwt/gap8/pmsis/cluster/drivers/cluster_synchronisation/cl_to_fc_delegate.o
 .text.pi_irq_restore
                0x000000001c0035bc       0x14 /home/osboxes/test-C/src/exo3and4/BUILD/GAP8_V3/GCC_RISCV_FREERTOS//home/osboxes/test-C/gap_sdk/rtos/freeRTOS/vendors/gwt/gap8/pmsis/cluster/drivers/cluster_synchronisation/cl_to_fc_delegate.o
 .text.cl_notify_fc_event_handler
                0x000000001c0035d0       0xe8 /home/osboxes/test-C/src/exo3and4/BUILD/GAP8_V3/GCC_RISCV_FREERTOS//home/osboxes/test-C/gap_sdk/rtos/freeRTOS/vendors/gwt/gap8/pmsis/cluster/drivers/cluster_synchronisation/cl_to_fc_delegate.o
                0x000000001c0035d0                cl_notify_fc_event_handler
 .text.pi_cl_send_task_to_fc
                0x000000001c0036b8       0x3c /home/osboxes/test-C/src/exo3and4/BUILD/GAP8_V3/GCC_RISCV_FREERTOS//home/osboxes/test-C/gap_sdk/rtos/freeRTOS/vendors/gwt/gap8/pmsis/cluster/drivers/cluster_synchronisation/cl_to_fc_delegate.o
                0x000000001c0036b8                pi_cl_send_task_to_fc
 .text.mc_fc_delegate_init
                0x000000001c0036f4       0x12 /home/osboxes/test-C/src/exo3and4/BUILD/GAP8_V3/GCC_RISCV_FREERTOS//home/osboxes/test-C/gap_sdk/rtos/freeRTOS/vendors/gwt/gap8/pmsis/cluster/drivers/cluster_synchronisation/cl_to_fc_delegate.o
                0x000000001c0036f4                mc_fc_delegate_init
 .text.__native_cluster_id
                0x000000001c003706       0x16 /home/osboxes/test-C/src/exo3and4/BUILD/GAP8_V3/GCC_RISCV_FREERTOS//home/osboxes/test-C/gap_sdk/rtos/freeRTOS/vendors/gwt/gap8/pmsis/cluster/drivers/cluster_synchronisation/fc_to_cl_delegate.o
 .text.hal_compiler_barrier
                0x000000001c00371c        0x4 /home/osboxes/test-C/src/exo3and4/BUILD/GAP8_V3/GCC_RISCV_FREERTOS//home/osboxes/test-C/gap_sdk/rtos/freeRTOS/vendors/gwt/gap8/pmsis/cluster/drivers/cluster_synchronisation/fc_to_cl_delegate.o
 .text.hal_write32
                0x000000001c003720       0x1a /home/osboxes/test-C/src/exo3and4/BUILD/GAP8_V3/GCC_RISCV_FREERTOS//home/osboxes/test-C/gap_sdk/rtos/freeRTOS/vendors/gwt/gap8/pmsis/cluster/drivers/cluster_synchronisation/fc_to_cl_delegate.o
 .text.pi_cl_cluster_nb_pe_cores
                0x000000001c00373a        0x6 /home/osboxes/test-C/src/exo3and4/BUILD/GAP8_V3/GCC_RISCV_FREERTOS//home/osboxes/test-C/gap_sdk/rtos/freeRTOS/vendors/gwt/gap8/pmsis/cluster/drivers/cluster_synchronisation/fc_to_cl_delegate.o
 .text.pi_cl_cluster_nb_cores
                0x000000001c003740        0x6 /home/osboxes/test-C/src/exo3and4/BUILD/GAP8_V3/GCC_RISCV_FREERTOS//home/osboxes/test-C/gap_sdk/rtos/freeRTOS/vendors/gwt/gap8/pmsis/cluster/drivers/cluster_synchronisation/fc_to_cl_delegate.o
 .text.hal_eu_cluster_evt_trig_set
                0x000000001c003746       0x1e /home/osboxes/test-C/src/exo3and4/BUILD/GAP8_V3/GCC_RISCV_FREERTOS//home/osboxes/test-C/gap_sdk/rtos/freeRTOS/vendors/gwt/gap8/pmsis/cluster/drivers/cluster_synchronisation/fc_to_cl_delegate.o
 .text.hal_cl_ctrl_fetch_enable
                0x000000001c003764       0x3c /home/osboxes/test-C/src/exo3and4/BUILD/GAP8_V3/GCC_RISCV_FREERTOS//home/osboxes/test-C/gap_sdk/rtos/freeRTOS/vendors/gwt/gap8/pmsis/cluster/drivers/cluster_synchronisation/fc_to_cl_delegate.o
 .text.hal_cl_ctrl_boot_addr_set
                0x000000001c0037a0       0x40 /home/osboxes/test-C/src/exo3and4/BUILD/GAP8_V3/GCC_RISCV_FREERTOS//home/osboxes/test-C/gap_sdk/rtos/freeRTOS/vendors/gwt/gap8/pmsis/cluster/drivers/cluster_synchronisation/fc_to_cl_delegate.o
 .text.hal_cl_icache_enable
                0x000000001c0037e0       0x32 /home/osboxes/test-C/src/exo3and4/BUILD/GAP8_V3/GCC_RISCV_FREERTOS//home/osboxes/test-C/gap_sdk/rtos/freeRTOS/vendors/gwt/gap8/pmsis/cluster/drivers/cluster_synchronisation/fc_to_cl_delegate.o
 .text.pi_task_block
                0x000000001c003812       0x16 /home/osboxes/test-C/src/exo3and4/BUILD/GAP8_V3/GCC_RISCV_FREERTOS//home/osboxes/test-C/gap_sdk/rtos/freeRTOS/vendors/gwt/gap8/pmsis/cluster/drivers/cluster_synchronisation/fc_to_cl_delegate.o
 .text.pi_task_wait_on
                0x000000001c003828       0x14 /home/osboxes/test-C/src/exo3and4/BUILD/GAP8_V3/GCC_RISCV_FREERTOS//home/osboxes/test-C/gap_sdk/rtos/freeRTOS/vendors/gwt/gap8/pmsis/cluster/drivers/cluster_synchronisation/fc_to_cl_delegate.o
 .text.pi_task_destroy
                0x000000001c00383c       0x14 /home/osboxes/test-C/src/exo3and4/BUILD/GAP8_V3/GCC_RISCV_FREERTOS//home/osboxes/test-C/gap_sdk/rtos/freeRTOS/vendors/gwt/gap8/pmsis/cluster/drivers/cluster_synchronisation/fc_to_cl_delegate.o
 .text.__os_native_api_mutex_lock
                0x000000001c003850       0x16 /home/osboxes/test-C/src/exo3and4/BUILD/GAP8_V3/GCC_RISCV_FREERTOS//home/osboxes/test-C/gap_sdk/rtos/freeRTOS/vendors/gwt/gap8/pmsis/cluster/drivers/cluster_synchronisation/fc_to_cl_delegate.o
 .text.__os_native_api_mutex_release
                0x000000001c003866       0x2e /home/osboxes/test-C/src/exo3and4/BUILD/GAP8_V3/GCC_RISCV_FREERTOS//home/osboxes/test-C/gap_sdk/rtos/freeRTOS/vendors/gwt/gap8/pmsis/cluster/drivers/cluster_synchronisation/fc_to_cl_delegate.o
 .text.__os_native_api_mutex_init
                0x000000001c003894       0x56 /home/osboxes/test-C/src/exo3and4/BUILD/GAP8_V3/GCC_RISCV_FREERTOS//home/osboxes/test-C/gap_sdk/rtos/freeRTOS/vendors/gwt/gap8/pmsis/cluster/drivers/cluster_synchronisation/fc_to_cl_delegate.o
 .text.__os_native_api_mutex_deinit
                0x000000001c0038ea       0x36 /home/osboxes/test-C/src/exo3and4/BUILD/GAP8_V3/GCC_RISCV_FREERTOS//home/osboxes/test-C/gap_sdk/rtos/freeRTOS/vendors/gwt/gap8/pmsis/cluster/drivers/cluster_synchronisation/fc_to_cl_delegate.o
 .text.pmsis_mutex_take
                0x000000001c003920       0x1c /home/osboxes/test-C/src/exo3and4/BUILD/GAP8_V3/GCC_RISCV_FREERTOS//home/osboxes/test-C/gap_sdk/rtos/freeRTOS/vendors/gwt/gap8/pmsis/cluster/drivers/cluster_synchronisation/fc_to_cl_delegate.o
 .text.pmsis_mutex_release
                0x000000001c00393c       0x1e /home/osboxes/test-C/src/exo3and4/BUILD/GAP8_V3/GCC_RISCV_FREERTOS//home/osboxes/test-C/gap_sdk/rtos/freeRTOS/vendors/gwt/gap8/pmsis/cluster/drivers/cluster_synchronisation/fc_to_cl_delegate.o
 .text.pmsis_mutex_init
                0x000000001c00395a       0x16 /home/osboxes/test-C/src/exo3and4/BUILD/GAP8_V3/GCC_RISCV_FREERTOS//home/osboxes/test-C/gap_sdk/rtos/freeRTOS/vendors/gwt/gap8/pmsis/cluster/drivers/cluster_synchronisation/fc_to_cl_delegate.o
 .text.pmsis_mutex_deinit
                0x000000001c003970       0x16 /home/osboxes/test-C/src/exo3and4/BUILD/GAP8_V3/GCC_RISCV_FREERTOS//home/osboxes/test-C/gap_sdk/rtos/freeRTOS/vendors/gwt/gap8/pmsis/cluster/drivers/cluster_synchronisation/fc_to_cl_delegate.o
 .text.cl_sync_init_spinlock
                0x000000001c003986       0x26 /home/osboxes/test-C/src/exo3and4/BUILD/GAP8_V3/GCC_RISCV_FREERTOS//home/osboxes/test-C/gap_sdk/rtos/freeRTOS/vendors/gwt/gap8/pmsis/cluster/drivers/cluster_synchronisation/fc_to_cl_delegate.o
 .text.cl_sync_test_and_set_lock
                0x000000001c0039ac       0x1c /home/osboxes/test-C/src/exo3and4/BUILD/GAP8_V3/GCC_RISCV_FREERTOS//home/osboxes/test-C/gap_sdk/rtos/freeRTOS/vendors/gwt/gap8/pmsis/cluster/drivers/cluster_synchronisation/fc_to_cl_delegate.o
 .text.cl_sync_spinlock_take
                0x000000001c0039c8       0x1a /home/osboxes/test-C/src/exo3and4/BUILD/GAP8_V3/GCC_RISCV_FREERTOS//home/osboxes/test-C/gap_sdk/rtos/freeRTOS/vendors/gwt/gap8/pmsis/cluster/drivers/cluster_synchronisation/fc_to_cl_delegate.o
 .text.cl_sync_spinlock_release
                0x000000001c0039e2       0x1e /home/osboxes/test-C/src/exo3and4/BUILD/GAP8_V3/GCC_RISCV_FREERTOS//home/osboxes/test-C/gap_sdk/rtos/freeRTOS/vendors/gwt/gap8/pmsis/cluster/drivers/cluster_synchronisation/fc_to_cl_delegate.o
 .text.cl_task_finish
                0x000000001c003a00       0x40 /home/osboxes/test-C/src/exo3and4/BUILD/GAP8_V3/GCC_RISCV_FREERTOS//home/osboxes/test-C/gap_sdk/rtos/freeRTOS/vendors/gwt/gap8/pmsis/cluster/drivers/cluster_synchronisation/fc_to_cl_delegate.o
                0x000000001c003a00                cl_task_finish
 .text.pi_cluster_open
                0x000000001c003a40      0x112 /home/osboxes/test-C/src/exo3and4/BUILD/GAP8_V3/GCC_RISCV_FREERTOS//home/osboxes/test-C/gap_sdk/rtos/freeRTOS/vendors/gwt/gap8/pmsis/cluster/drivers/cluster_synchronisation/fc_to_cl_delegate.o
                0x000000001c003a40                pi_cluster_open
 .text.pi_cluster_open_async
                0x000000001c003b52       0xaa /home/osboxes/test-C/src/exo3and4/BUILD/GAP8_V3/GCC_RISCV_FREERTOS//home/osboxes/test-C/gap_sdk/rtos/freeRTOS/vendors/gwt/gap8/pmsis/cluster/drivers/cluster_synchronisation/fc_to_cl_delegate.o
                0x000000001c003b52                pi_cluster_open_async
 .text.pi_cluster_close
                0x000000001c003bfc       0x62 /home/osboxes/test-C/src/exo3and4/BUILD/GAP8_V3/GCC_RISCV_FREERTOS//home/osboxes/test-C/gap_sdk/rtos/freeRTOS/vendors/gwt/gap8/pmsis/cluster/drivers/cluster_synchronisation/fc_to_cl_delegate.o
                0x000000001c003bfc                pi_cluster_close
 .text.pi_cluster_close_async
                0x000000001c003c5e        0xe /home/osboxes/test-C/src/exo3and4/BUILD/GAP8_V3/GCC_RISCV_FREERTOS//home/osboxes/test-C/gap_sdk/rtos/freeRTOS/vendors/gwt/gap8/pmsis/cluster/drivers/cluster_synchronisation/fc_to_cl_delegate.o
                0x000000001c003c5e                pi_cluster_close_async
 .text.pi_cluster_ioctl
                0x000000001c003c6c       0x6a /home/osboxes/test-C/src/exo3and4/BUILD/GAP8_V3/GCC_RISCV_FREERTOS//home/osboxes/test-C/gap_sdk/rtos/freeRTOS/vendors/gwt/gap8/pmsis/cluster/drivers/cluster_synchronisation/fc_to_cl_delegate.o
                0x000000001c003c6c                pi_cluster_ioctl
 .text.pi_cluster_ioctl_async
                0x000000001c003cd6       0x76 /home/osboxes/test-C/src/exo3and4/BUILD/GAP8_V3/GCC_RISCV_FREERTOS//home/osboxes/test-C/gap_sdk/rtos/freeRTOS/vendors/gwt/gap8/pmsis/cluster/drivers/cluster_synchronisation/fc_to_cl_delegate.o
                0x000000001c003cd6                pi_cluster_ioctl_async
 .text.__cluster_start
                0x000000001c003d4c      0x11a /home/osboxes/test-C/src/exo3and4/BUILD/GAP8_V3/GCC_RISCV_FREERTOS//home/osboxes/test-C/gap_sdk/rtos/freeRTOS/vendors/gwt/gap8/pmsis/cluster/drivers/cluster_synchronisation/fc_to_cl_delegate.o
 .text.__cluster_stop
                0x000000001c003e66       0x42 /home/osboxes/test-C/src/exo3and4/BUILD/GAP8_V3/GCC_RISCV_FREERTOS//home/osboxes/test-C/gap_sdk/rtos/freeRTOS/vendors/gwt/gap8/pmsis/cluster/drivers/cluster_synchronisation/fc_to_cl_delegate.o
 .text.pi_push_cluster_task
                0x000000001c003ea8       0x4a /home/osboxes/test-C/src/exo3and4/BUILD/GAP8_V3/GCC_RISCV_FREERTOS//home/osboxes/test-C/gap_sdk/rtos/freeRTOS/vendors/gwt/gap8/pmsis/cluster/drivers/cluster_synchronisation/fc_to_cl_delegate.o
 .text.cl_pop_cluster_task
                0x000000001c003ef2       0x7e /home/osboxes/test-C/src/exo3and4/BUILD/GAP8_V3/GCC_RISCV_FREERTOS//home/osboxes/test-C/gap_sdk/rtos/freeRTOS/vendors/gwt/gap8/pmsis/cluster/drivers/cluster_synchronisation/fc_to_cl_delegate.o
 .text.__cluster_start_async
                0x000000001c003f70       0x12 /home/osboxes/test-C/src/exo3and4/BUILD/GAP8_V3/GCC_RISCV_FREERTOS//home/osboxes/test-C/gap_sdk/rtos/freeRTOS/vendors/gwt/gap8/pmsis/cluster/drivers/cluster_synchronisation/fc_to_cl_delegate.o
 .text.__pi_send_task_to_cl
                0x000000001c003f82       0xdc /home/osboxes/test-C/src/exo3and4/BUILD/GAP8_V3/GCC_RISCV_FREERTOS//home/osboxes/test-C/gap_sdk/rtos/freeRTOS/vendors/gwt/gap8/pmsis/cluster/drivers/cluster_synchronisation/fc_to_cl_delegate.o
 .text.pi_cluster_send_task_to_cl
                0x000000001c00405e       0x42 /home/osboxes/test-C/src/exo3and4/BUILD/GAP8_V3/GCC_RISCV_FREERTOS//home/osboxes/test-C/gap_sdk/rtos/freeRTOS/vendors/gwt/gap8/pmsis/cluster/drivers/cluster_synchronisation/fc_to_cl_delegate.o
                0x000000001c00405e                pi_cluster_send_task_to_cl
 .text.pi_cluster_conf_init
                0x000000001c0040a0       0x16 /home/osboxes/test-C/src/exo3and4/BUILD/GAP8_V3/GCC_RISCV_FREERTOS//home/osboxes/test-C/gap_sdk/rtos/freeRTOS/vendors/gwt/gap8/pmsis/cluster/drivers/cluster_synchronisation/fc_to_cl_delegate.o
                0x000000001c0040a0                pi_cluster_conf_init
 .text.hal_compiler_barrier
                0x000000001c0040b6        0x4 /home/osboxes/test-C/src/exo3and4/BUILD/GAP8_V3/GCC_RISCV_FREERTOS//home/osboxes/test-C/gap_sdk/rtos/freeRTOS/vendors/gwt/gap8/pmsis/cluster/drivers/dma/cl_dma_irq.o
 .text.hal_write32
                0x000000001c0040ba       0x1a /home/osboxes/test-C/src/exo3and4/BUILD/GAP8_V3/GCC_RISCV_FREERTOS//home/osboxes/test-C/gap_sdk/rtos/freeRTOS/vendors/gwt/gap8/pmsis/cluster/drivers/dma/cl_dma_irq.o
 .text.hal_read32
                0x000000001c0040d4       0x1a /home/osboxes/test-C/src/exo3and4/BUILD/GAP8_V3/GCC_RISCV_FREERTOS//home/osboxes/test-C/gap_sdk/rtos/freeRTOS/vendors/gwt/gap8/pmsis/cluster/drivers/dma/cl_dma_irq.o
 .text.hal_eu_cluster_evt_trig_set
                0x000000001c0040ee       0x1e /home/osboxes/test-C/src/exo3and4/BUILD/GAP8_V3/GCC_RISCV_FREERTOS//home/osboxes/test-C/gap_sdk/rtos/freeRTOS/vendors/gwt/gap8/pmsis/cluster/drivers/dma/cl_dma_irq.o
 .text.cl_dma_cmd_set
                0x000000001c00410c       0x1e /home/osboxes/test-C/src/exo3and4/BUILD/GAP8_V3/GCC_RISCV_FREERTOS//home/osboxes/test-C/gap_sdk/rtos/freeRTOS/vendors/gwt/gap8/pmsis/cluster/drivers/dma/cl_dma_irq.o
 .text.cl_dma_cmd_get
                0x000000001c00412a       0x18 /home/osboxes/test-C/src/exo3and4/BUILD/GAP8_V3/GCC_RISCV_FREERTOS//home/osboxes/test-C/gap_sdk/rtos/freeRTOS/vendors/gwt/gap8/pmsis/cluster/drivers/dma/cl_dma_irq.o
 .text.cl_dma_status_set
                0x000000001c004142       0x1e /home/osboxes/test-C/src/exo3and4/BUILD/GAP8_V3/GCC_RISCV_FREERTOS//home/osboxes/test-C/gap_sdk/rtos/freeRTOS/vendors/gwt/gap8/pmsis/cluster/drivers/dma/cl_dma_irq.o
 .text.hal_cl_dma_tid_get
                0x000000001c004160       0x14 /home/osboxes/test-C/src/exo3and4/BUILD/GAP8_V3/GCC_RISCV_FREERTOS//home/osboxes/test-C/gap_sdk/rtos/freeRTOS/vendors/gwt/gap8/pmsis/cluster/drivers/dma/cl_dma_irq.o
 .text.hal_cl_dma_1d_transfer_push
                0x000000001c004174       0x1e /home/osboxes/test-C/src/exo3and4/BUILD/GAP8_V3/GCC_RISCV_FREERTOS//home/osboxes/test-C/gap_sdk/rtos/freeRTOS/vendors/gwt/gap8/pmsis/cluster/drivers/dma/cl_dma_irq.o
 .text.hal_cl_dma_tid_free
                0x000000001c004192       0x20 /home/osboxes/test-C/src/exo3and4/BUILD/GAP8_V3/GCC_RISCV_FREERTOS//home/osboxes/test-C/gap_sdk/rtos/freeRTOS/vendors/gwt/gap8/pmsis/cluster/drivers/dma/cl_dma_irq.o
 .text.pi_cl_dma_2d_handler
                0x000000001c0041b2       0xd4 /home/osboxes/test-C/src/exo3and4/BUILD/GAP8_V3/GCC_RISCV_FREERTOS//home/osboxes/test-C/gap_sdk/rtos/freeRTOS/vendors/gwt/gap8/pmsis/cluster/drivers/dma/cl_dma_irq.o
                0x000000001c0041b2                pi_cl_dma_2d_handler
 .text.__NVIC_EnableIRQ
                0x000000001c004286       0x26 /home/osboxes/test-C/src/exo3and4/BUILD/GAP8_V3/GCC_RISCV_FREERTOS//home/osboxes/test-C/gap_sdk/rtos/freeRTOS/vendors/gwt/gap8/pmsis/drivers/fc_event/fc_event.o
 .text.hal_compiler_barrier
                0x000000001c0042ac        0x4 /home/osboxes/test-C/src/exo3and4/BUILD/GAP8_V3/GCC_RISCV_FREERTOS//home/osboxes/test-C/gap_sdk/rtos/freeRTOS/vendors/gwt/gap8/pmsis/drivers/fc_event/fc_event.o
 .text.hal_write32
                0x000000001c0042b0       0x1a /home/osboxes/test-C/src/exo3and4/BUILD/GAP8_V3/GCC_RISCV_FREERTOS//home/osboxes/test-C/gap_sdk/rtos/freeRTOS/vendors/gwt/gap8/pmsis/drivers/fc_event/fc_event.o
 .text.hal_read32
                0x000000001c0042ca       0x1a /home/osboxes/test-C/src/exo3and4/BUILD/GAP8_V3/GCC_RISCV_FREERTOS//home/osboxes/test-C/gap_sdk/rtos/freeRTOS/vendors/gwt/gap8/pmsis/drivers/fc_event/fc_event.o
 .text.hal_eu_fc_evt_demux_trig_set
                0x000000001c0042e4       0x26 /home/osboxes/test-C/src/exo3and4/BUILD/GAP8_V3/GCC_RISCV_FREERTOS//home/osboxes/test-C/gap_sdk/rtos/freeRTOS/vendors/gwt/gap8/pmsis/drivers/fc_event/fc_event.o
 .text.fc_event_null_event
                0x000000001c00430a        0xa /home/osboxes/test-C/src/exo3and4/BUILD/GAP8_V3/GCC_RISCV_FREERTOS//home/osboxes/test-C/gap_sdk/rtos/freeRTOS/vendors/gwt/gap8/pmsis/drivers/fc_event/fc_event.o
 .text.pi_fc_event_handler_init
                0x000000001c004314       0x2c /home/osboxes/test-C/src/exo3and4/BUILD/GAP8_V3/GCC_RISCV_FREERTOS//home/osboxes/test-C/gap_sdk/rtos/freeRTOS/vendors/gwt/gap8/pmsis/drivers/fc_event/fc_event.o
                0x000000001c004314                pi_fc_event_handler_init
 .text.pi_fc_event_handler_set
                0x000000001c004340       0x1e /home/osboxes/test-C/src/exo3and4/BUILD/GAP8_V3/GCC_RISCV_FREERTOS//home/osboxes/test-C/gap_sdk/rtos/freeRTOS/vendors/gwt/gap8/pmsis/drivers/fc_event/fc_event.o
                0x000000001c004340                pi_fc_event_handler_set
 .text.pi_fc_event_handler_clear
                0x000000001c00435e       0x22 /home/osboxes/test-C/src/exo3and4/BUILD/GAP8_V3/GCC_RISCV_FREERTOS//home/osboxes/test-C/gap_sdk/rtos/freeRTOS/vendors/gwt/gap8/pmsis/drivers/fc_event/fc_event.o
                0x000000001c00435e                pi_fc_event_handler_clear
 .text.hal_compiler_barrier
                0x000000001c004380        0x4 /home/osboxes/test-C/src/exo3and4/BUILD/GAP8_V3/GCC_RISCV_FREERTOS//home/osboxes/test-C/gap_sdk/rtos/freeRTOS/vendors/gwt/gap8/pmsis/drivers/fll/fll.o
 .text.hal_write32
                0x000000001c004384       0x1a /home/osboxes/test-C/src/exo3and4/BUILD/GAP8_V3/GCC_RISCV_FREERTOS//home/osboxes/test-C/gap_sdk/rtos/freeRTOS/vendors/gwt/gap8/pmsis/drivers/fll/fll.o
 .text.hal_read32
                0x000000001c00439e       0x1a /home/osboxes/test-C/src/exo3and4/BUILD/GAP8_V3/GCC_RISCV_FREERTOS//home/osboxes/test-C/gap_sdk/rtos/freeRTOS/vendors/gwt/gap8/pmsis/drivers/fll/fll.o
 .text.fll_ctrl_status_get
                0x000000001c0043b8       0x16 /home/osboxes/test-C/src/exo3and4/BUILD/GAP8_V3/GCC_RISCV_FREERTOS//home/osboxes/test-C/gap_sdk/rtos/freeRTOS/vendors/gwt/gap8/pmsis/drivers/fll/fll.o
 .text.fll_ctrl_conf1_get
                0x000000001c0043ce       0x18 /home/osboxes/test-C/src/exo3and4/BUILD/GAP8_V3/GCC_RISCV_FREERTOS//home/osboxes/test-C/gap_sdk/rtos/freeRTOS/vendors/gwt/gap8/pmsis/drivers/fll/fll.o
 .text.fll_ctrl_conf1_set
                0x000000001c0043e6       0x1a /home/osboxes/test-C/src/exo3and4/BUILD/GAP8_V3/GCC_RISCV_FREERTOS//home/osboxes/test-C/gap_sdk/rtos/freeRTOS/vendors/gwt/gap8/pmsis/drivers/fll/fll.o
 .text.fll_ctrl_conf2_set
                0x000000001c004400       0x1a /home/osboxes/test-C/src/exo3and4/BUILD/GAP8_V3/GCC_RISCV_FREERTOS//home/osboxes/test-C/gap_sdk/rtos/freeRTOS/vendors/gwt/gap8/pmsis/drivers/fll/fll.o
 .text.fll_ctrl_integrator_set
                0x000000001c00441a       0x1c /home/osboxes/test-C/src/exo3and4/BUILD/GAP8_V3/GCC_RISCV_FREERTOS//home/osboxes/test-C/gap_sdk/rtos/freeRTOS/vendors/gwt/gap8/pmsis/drivers/fll/fll.o
 .text.hal_fll_status_mult_factor_get
                0x000000001c004436       0x32 /home/osboxes/test-C/src/exo3and4/BUILD/GAP8_V3/GCC_RISCV_FREERTOS//home/osboxes/test-C/gap_sdk/rtos/freeRTOS/vendors/gwt/gap8/pmsis/drivers/fll/fll.o
 .text.hal_fll_conf1_get
                0x000000001c004468       0x2a /home/osboxes/test-C/src/exo3and4/BUILD/GAP8_V3/GCC_RISCV_FREERTOS//home/osboxes/test-C/gap_sdk/rtos/freeRTOS/vendors/gwt/gap8/pmsis/drivers/fll/fll.o
 .text.hal_fll_conf1_mask_set
                0x000000001c004492       0x2c /home/osboxes/test-C/src/exo3and4/BUILD/GAP8_V3/GCC_RISCV_FREERTOS//home/osboxes/test-C/gap_sdk/rtos/freeRTOS/vendors/gwt/gap8/pmsis/drivers/fll/fll.o
 .text.hal_fll_conf1_div_get
                0x000000001c0044be       0x2c /home/osboxes/test-C/src/exo3and4/BUILD/GAP8_V3/GCC_RISCV_FREERTOS//home/osboxes/test-C/gap_sdk/rtos/freeRTOS/vendors/gwt/gap8/pmsis/drivers/fll/fll.o
 .text.hal_fll_conf2_mask_set
                0x000000001c0044ea       0x2c /home/osboxes/test-C/src/exo3and4/BUILD/GAP8_V3/GCC_RISCV_FREERTOS//home/osboxes/test-C/gap_sdk/rtos/freeRTOS/vendors/gwt/gap8/pmsis/drivers/fll/fll.o
 .text.hal_fll_integrator_set
                0x000000001c004516       0x2c /home/osboxes/test-C/src/exo3and4/BUILD/GAP8_V3/GCC_RISCV_FREERTOS//home/osboxes/test-C/gap_sdk/rtos/freeRTOS/vendors/gwt/gap8/pmsis/drivers/fll/fll.o
 .text.__pi_fll_mult_div_from_frequency_get
                0x000000001c004542       0x56 /home/osboxes/test-C/src/exo3and4/BUILD/GAP8_V3/GCC_RISCV_FREERTOS//home/osboxes/test-C/gap_sdk/rtos/freeRTOS/vendors/gwt/gap8/pmsis/drivers/fll/fll.o
 .text.__pi_fll_frequency_from_mult_div_get
                0x000000001c004598       0x22 /home/osboxes/test-C/src/exo3and4/BUILD/GAP8_V3/GCC_RISCV_FREERTOS//home/osboxes/test-C/gap_sdk/rtos/freeRTOS/vendors/gwt/gap8/pmsis/drivers/fll/fll.o
 .text.pi_fll_init
                0x000000001c0045ba       0xd2 /home/osboxes/test-C/src/exo3and4/BUILD/GAP8_V3/GCC_RISCV_FREERTOS//home/osboxes/test-C/gap_sdk/rtos/freeRTOS/vendors/gwt/gap8/pmsis/drivers/fll/fll.o
                0x000000001c0045ba                pi_fll_init
 .text.pi_fll_frequency_set
                0x000000001c00468c       0xd4 /home/osboxes/test-C/src/exo3and4/BUILD/GAP8_V3/GCC_RISCV_FREERTOS//home/osboxes/test-C/gap_sdk/rtos/freeRTOS/vendors/gwt/gap8/pmsis/drivers/fll/fll.o
                0x000000001c00468c                pi_fll_frequency_set
 .text.pi_freq_callback_exec
                0x000000001c004760       0x2e /home/osboxes/test-C/src/exo3and4/BUILD/GAP8_V3/GCC_RISCV_FREERTOS//home/osboxes/test-C/gap_sdk/rtos/freeRTOS/vendors/gwt/gap8/pmsis/drivers/fll/fll.o
                0x000000001c004760                pi_freq_callback_exec
 .text.hal_compiler_barrier
                0x000000001c00478e        0x4 /home/osboxes/test-C/src/exo3and4/BUILD/GAP8_V3/GCC_RISCV_FREERTOS//home/osboxes/test-C/gap_sdk/rtos/freeRTOS/vendors/gwt/gap8/pmsis/drivers/pmu/pmu_internal.o
 .text.hal_write32
                0x000000001c004792       0x1a /home/osboxes/test-C/src/exo3and4/BUILD/GAP8_V3/GCC_RISCV_FREERTOS//home/osboxes/test-C/gap_sdk/rtos/freeRTOS/vendors/gwt/gap8/pmsis/drivers/pmu/pmu_internal.o
 .text.hal_read32
                0x000000001c0047ac       0x1a /home/osboxes/test-C/src/exo3and4/BUILD/GAP8_V3/GCC_RISCV_FREERTOS//home/osboxes/test-C/gap_sdk/rtos/freeRTOS/vendors/gwt/gap8/pmsis/drivers/pmu/pmu_internal.o
 .text.soc_ctrl_cl_isolate_set
                0x000000001c0047c6       0x1c /home/osboxes/test-C/src/exo3and4/BUILD/GAP8_V3/GCC_RISCV_FREERTOS//home/osboxes/test-C/gap_sdk/rtos/freeRTOS/vendors/gwt/gap8/pmsis/drivers/pmu/pmu_internal.o
 .text.soc_ctrl_cl_bypass_set
                0x000000001c0047e2       0x1c /home/osboxes/test-C/src/exo3and4/BUILD/GAP8_V3/GCC_RISCV_FREERTOS//home/osboxes/test-C/gap_sdk/rtos/freeRTOS/vendors/gwt/gap8/pmsis/drivers/pmu/pmu_internal.o
 .text.soc_ctrl_cl_bypass_get
                0x000000001c0047fe       0x1a /home/osboxes/test-C/src/exo3and4/BUILD/GAP8_V3/GCC_RISCV_FREERTOS//home/osboxes/test-C/gap_sdk/rtos/freeRTOS/vendors/gwt/gap8/pmsis/drivers/pmu/pmu_internal.o
 .text.soc_ctrl_safe_pmu_rar_get
                0x000000001c004818       0x1a /home/osboxes/test-C/src/exo3and4/BUILD/GAP8_V3/GCC_RISCV_FREERTOS//home/osboxes/test-C/gap_sdk/rtos/freeRTOS/vendors/gwt/gap8/pmsis/drivers/pmu/pmu_internal.o
 .text.soc_ctrl_safe_pmu_sleepctrl_get
                0x000000001c004832       0x1a /home/osboxes/test-C/src/exo3and4/BUILD/GAP8_V3/GCC_RISCV_FREERTOS//home/osboxes/test-C/gap_sdk/rtos/freeRTOS/vendors/gwt/gap8/pmsis/drivers/pmu/pmu_internal.o
 .text.hal_soc_ctrl_cl_isolate_set
                0x000000001c00484c       0x20 /home/osboxes/test-C/src/exo3and4/BUILD/GAP8_V3/GCC_RISCV_FREERTOS//home/osboxes/test-C/gap_sdk/rtos/freeRTOS/vendors/gwt/gap8/pmsis/drivers/pmu/pmu_internal.o
 .text.hal_soc_ctrl_cl_bypass_get
                0x000000001c00486c       0x12 /home/osboxes/test-C/src/exo3and4/BUILD/GAP8_V3/GCC_RISCV_FREERTOS//home/osboxes/test-C/gap_sdk/rtos/freeRTOS/vendors/gwt/gap8/pmsis/drivers/pmu/pmu_internal.o
 .text.hal_soc_ctrl_cl_bypass_mask_set
                0x000000001c00487e       0x14 /home/osboxes/test-C/src/exo3and4/BUILD/GAP8_V3/GCC_RISCV_FREERTOS//home/osboxes/test-C/gap_sdk/rtos/freeRTOS/vendors/gwt/gap8/pmsis/drivers/pmu/pmu_internal.o
 .text.hal_soc_ctrl_pmu_rar_get
                0x000000001c004892       0x12 /home/osboxes/test-C/src/exo3and4/BUILD/GAP8_V3/GCC_RISCV_FREERTOS//home/osboxes/test-C/gap_sdk/rtos/freeRTOS/vendors/gwt/gap8/pmsis/drivers/pmu/pmu_internal.o
 .text.hal_soc_ctrl_pmu_sleepctrl_get
                0x000000001c0048a4       0x12 /home/osboxes/test-C/src/exo3and4/BUILD/GAP8_V3/GCC_RISCV_FREERTOS//home/osboxes/test-C/gap_sdk/rtos/freeRTOS/vendors/gwt/gap8/pmsis/drivers/pmu/pmu_internal.o
 .text.pmu_dlc_dlc_imr_set
                0x000000001c0048b6       0x1c /home/osboxes/test-C/src/exo3and4/BUILD/GAP8_V3/GCC_RISCV_FREERTOS//home/osboxes/test-C/gap_sdk/rtos/freeRTOS/vendors/gwt/gap8/pmsis/drivers/pmu/pmu_internal.o
 .text.pmu_dlc_dlc_ifr_set
                0x000000001c0048d2       0x1c /home/osboxes/test-C/src/exo3and4/BUILD/GAP8_V3/GCC_RISCV_FREERTOS//home/osboxes/test-C/gap_sdk/rtos/freeRTOS/vendors/gwt/gap8/pmsis/drivers/pmu/pmu_internal.o
 .text.hal_pmu_dlc_imr_mask_set
                0x000000001c0048ee       0x14 /home/osboxes/test-C/src/exo3and4/BUILD/GAP8_V3/GCC_RISCV_FREERTOS//home/osboxes/test-C/gap_sdk/rtos/freeRTOS/vendors/gwt/gap8/pmsis/drivers/pmu/pmu_internal.o
 .text.hal_pmu_dlc_ifr_mask_clear
                0x000000001c004902       0x14 /home/osboxes/test-C/src/exo3and4/BUILD/GAP8_V3/GCC_RISCV_FREERTOS//home/osboxes/test-C/gap_sdk/rtos/freeRTOS/vendors/gwt/gap8/pmsis/drivers/pmu/pmu_internal.o
 .text.hal_soc_eu_set_fc_mask
                0x000000001c004916       0x5a /home/osboxes/test-C/src/exo3and4/BUILD/GAP8_V3/GCC_RISCV_FREERTOS//home/osboxes/test-C/gap_sdk/rtos/freeRTOS/vendors/gwt/gap8/pmsis/drivers/pmu/pmu_internal.o
 .text.pi_task_block
                0x000000001c004970       0x16 /home/osboxes/test-C/src/exo3and4/BUILD/GAP8_V3/GCC_RISCV_FREERTOS//home/osboxes/test-C/gap_sdk/rtos/freeRTOS/vendors/gwt/gap8/pmsis/drivers/pmu/pmu_internal.o
 .text.pi_task_wait_on
                0x000000001c004986       0x14 /home/osboxes/test-C/src/exo3and4/BUILD/GAP8_V3/GCC_RISCV_FREERTOS//home/osboxes/test-C/gap_sdk/rtos/freeRTOS/vendors/gwt/gap8/pmsis/drivers/pmu/pmu_internal.o
 .text.__pi_pmu_handler
                0x000000001c00499a       0x32 /home/osboxes/test-C/src/exo3and4/BUILD/GAP8_V3/GCC_RISCV_FREERTOS//home/osboxes/test-C/gap_sdk/rtos/freeRTOS/vendors/gwt/gap8/pmsis/drivers/pmu/pmu_internal.o
 .text.__pi_pmu_task_fifo_enqueue
                0x000000001c0049cc       0x54 /home/osboxes/test-C/src/exo3and4/BUILD/GAP8_V3/GCC_RISCV_FREERTOS//home/osboxes/test-C/gap_sdk/rtos/freeRTOS/vendors/gwt/gap8/pmsis/drivers/pmu/pmu_internal.o
 .text.__pi_pmu_task_fifo_pop
                0x000000001c004a20       0x32 /home/osboxes/test-C/src/exo3and4/BUILD/GAP8_V3/GCC_RISCV_FREERTOS//home/osboxes/test-C/gap_sdk/rtos/freeRTOS/vendors/gwt/gap8/pmsis/drivers/pmu/pmu_internal.o
 .text.__pi_pmu_init
                0x000000001c004a52      0x1ae /home/osboxes/test-C/src/exo3and4/BUILD/GAP8_V3/GCC_RISCV_FREERTOS//home/osboxes/test-C/gap_sdk/rtos/freeRTOS/vendors/gwt/gap8/pmsis/drivers/pmu/pmu_internal.o
                0x000000001c004a52                __pi_pmu_init
 .text.__pi_pmu_cluster_power_on
                0x000000001c004c00      0x136 /home/osboxes/test-C/src/exo3and4/BUILD/GAP8_V3/GCC_RISCV_FREERTOS//home/osboxes/test-C/gap_sdk/rtos/freeRTOS/vendors/gwt/gap8/pmsis/drivers/pmu/pmu_internal.o
                0x000000001c004c00                __pi_pmu_cluster_power_on
 .text.__pi_pmu_cluster_power_off
                0x000000001c004d36       0xcc /home/osboxes/test-C/src/exo3and4/BUILD/GAP8_V3/GCC_RISCV_FREERTOS//home/osboxes/test-C/gap_sdk/rtos/freeRTOS/vendors/gwt/gap8/pmsis/drivers/pmu/pmu_internal.o
                0x000000001c004d36                __pi_pmu_cluster_power_off
 .text.hal_compiler_barrier
                0x000000001c004e02        0x4 /home/osboxes/test-C/src/exo3and4/BUILD/GAP8_V3/GCC_RISCV_FREERTOS//home/osboxes/test-C/gap_sdk/rtos/freeRTOS/vendors/gwt/gap8/pmsis/drivers/timer/timer.o
 .text.hal_write32
                0x000000001c004e06       0x1e /home/osboxes/test-C/src/exo3and4/BUILD/GAP8_V3/GCC_RISCV_FREERTOS//home/osboxes/test-C/gap_sdk/rtos/freeRTOS/vendors/gwt/gap8/pmsis/drivers/timer/timer.o
 .text.hal_read32
                0x000000001c004e24       0x1e /home/osboxes/test-C/src/exo3and4/BUILD/GAP8_V3/GCC_RISCV_FREERTOS//home/osboxes/test-C/gap_sdk/rtos/freeRTOS/vendors/gwt/gap8/pmsis/drivers/timer/timer.o
 .text.timer_cfg_set
                0x000000001c004e42       0x2c /home/osboxes/test-C/src/exo3and4/BUILD/GAP8_V3/GCC_RISCV_FREERTOS//home/osboxes/test-C/gap_sdk/rtos/freeRTOS/vendors/gwt/gap8/pmsis/drivers/timer/timer.o
 .text.timer_cfg_get
                0x000000001c004e6e       0x2a /home/osboxes/test-C/src/exo3and4/BUILD/GAP8_V3/GCC_RISCV_FREERTOS//home/osboxes/test-C/gap_sdk/rtos/freeRTOS/vendors/gwt/gap8/pmsis/drivers/timer/timer.o
 .text.timer_cnt_set
                0x000000001c004e98       0x2e /home/osboxes/test-C/src/exo3and4/BUILD/GAP8_V3/GCC_RISCV_FREERTOS//home/osboxes/test-C/gap_sdk/rtos/freeRTOS/vendors/gwt/gap8/pmsis/drivers/timer/timer.o
 .text.timer_cmp_set
                0x000000001c004ec6       0x2e /home/osboxes/test-C/src/exo3and4/BUILD/GAP8_V3/GCC_RISCV_FREERTOS//home/osboxes/test-C/gap_sdk/rtos/freeRTOS/vendors/gwt/gap8/pmsis/drivers/timer/timer.o
 .text.hal_timer_cfg_set
                0x000000001c004ef4       0x44 /home/osboxes/test-C/src/exo3and4/BUILD/GAP8_V3/GCC_RISCV_FREERTOS//home/osboxes/test-C/gap_sdk/rtos/freeRTOS/vendors/gwt/gap8/pmsis/drivers/timer/timer.o
 .text.hal_timer_stop_set
                0x000000001c004f38       0x40 /home/osboxes/test-C/src/exo3and4/BUILD/GAP8_V3/GCC_RISCV_FREERTOS//home/osboxes/test-C/gap_sdk/rtos/freeRTOS/vendors/gwt/gap8/pmsis/drivers/timer/timer.o
 .text.pi_timer_init
                0x000000001c004f78       0x4e /home/osboxes/test-C/src/exo3and4/BUILD/GAP8_V3/GCC_RISCV_FREERTOS//home/osboxes/test-C/gap_sdk/rtos/freeRTOS/vendors/gwt/gap8/pmsis/drivers/timer/timer.o
                0x000000001c004f78                pi_timer_init
 .text.pi_timer_stop
                0x000000001c004fc6       0x44 /home/osboxes/test-C/src/exo3and4/BUILD/GAP8_V3/GCC_RISCV_FREERTOS//home/osboxes/test-C/gap_sdk/rtos/freeRTOS/vendors/gwt/gap8/pmsis/drivers/timer/timer.o
                0x000000001c004fc6                pi_timer_stop
 .text.hal_compiler_barrier
                0x000000001c00500a        0x4 /home/osboxes/test-C/src/exo3and4/BUILD/GAP8_V3/GCC_RISCV_FREERTOS//home/osboxes/test-C/gap_sdk/rtos/freeRTOS/vendors/gwt/gap8/pmsis/drivers/udma/hyperbus/hyperbus_internal.o
 .text.hal_write32
                0x000000001c00500e       0x1e /home/osboxes/test-C/src/exo3and4/BUILD/GAP8_V3/GCC_RISCV_FREERTOS//home/osboxes/test-C/gap_sdk/rtos/freeRTOS/vendors/gwt/gap8/pmsis/drivers/udma/hyperbus/hyperbus_internal.o
 .text.udma_enqueue_channel
                0x000000001c00502c       0x6c /home/osboxes/test-C/src/exo3and4/BUILD/GAP8_V3/GCC_RISCV_FREERTOS//home/osboxes/test-C/gap_sdk/rtos/freeRTOS/vendors/gwt/gap8/pmsis/drivers/udma/hyperbus/hyperbus_internal.o
 .text.hyper_udma_channel_set
                0x000000001c005098       0x2a /home/osboxes/test-C/src/exo3and4/BUILD/GAP8_V3/GCC_RISCV_FREERTOS//home/osboxes/test-C/gap_sdk/rtos/freeRTOS/vendors/gwt/gap8/pmsis/drivers/udma/hyperbus/hyperbus_internal.o
 .text.hyper_ext_addr_set
                0x000000001c0050c2       0x1c /home/osboxes/test-C/src/exo3and4/BUILD/GAP8_V3/GCC_RISCV_FREERTOS//home/osboxes/test-C/gap_sdk/rtos/freeRTOS/vendors/gwt/gap8/pmsis/drivers/udma/hyperbus/hyperbus_internal.o
 .text.hal_hyper_enqueue
                0x000000001c0050de       0x34 /home/osboxes/test-C/src/exo3and4/BUILD/GAP8_V3/GCC_RISCV_FREERTOS//home/osboxes/test-C/gap_sdk/rtos/freeRTOS/vendors/gwt/gap8/pmsis/drivers/udma/hyperbus/hyperbus_internal.o
 .text.l2_memcpy
                0x000000001c005112       0x1e /home/osboxes/test-C/src/exo3and4/BUILD/GAP8_V3/GCC_RISCV_FREERTOS//home/osboxes/test-C/gap_sdk/rtos/freeRTOS/vendors/gwt/gap8/pmsis/drivers/udma/hyperbus/hyperbus_internal.o
 .text.__pi_hyper_handle_end_of_task
                0x000000001c005130       0x4c /home/osboxes/test-C/src/exo3and4/BUILD/GAP8_V3/GCC_RISCV_FREERTOS//home/osboxes/test-C/gap_sdk/rtos/freeRTOS/vendors/gwt/gap8/pmsis/drivers/udma/hyperbus/hyperbus_internal.o
 .text.__pi_hyper_task_fifo_pop
                0x000000001c00517c       0x42 /home/osboxes/test-C/src/exo3and4/BUILD/GAP8_V3/GCC_RISCV_FREERTOS//home/osboxes/test-C/gap_sdk/rtos/freeRTOS/vendors/gwt/gap8/pmsis/drivers/udma/hyperbus/hyperbus_internal.o
 .text.__pi_hyper_resume_emu_task
                0x000000001c0051be       0x1a /home/osboxes/test-C/src/exo3and4/BUILD/GAP8_V3/GCC_RISCV_FREERTOS//home/osboxes/test-C/gap_sdk/rtos/freeRTOS/vendors/gwt/gap8/pmsis/drivers/udma/hyperbus/hyperbus_internal.o
 .text.__pi_hyper_copy_misaligned
                0x000000001c0051d8       0x34 /home/osboxes/test-C/src/exo3and4/BUILD/GAP8_V3/GCC_RISCV_FREERTOS//home/osboxes/test-C/gap_sdk/rtos/freeRTOS/vendors/gwt/gap8/pmsis/drivers/udma/hyperbus/hyperbus_internal.o
 .text.__pi_hyper_copy_aligned
                0x000000001c00520c       0x46 /home/osboxes/test-C/src/exo3and4/BUILD/GAP8_V3/GCC_RISCV_FREERTOS//home/osboxes/test-C/gap_sdk/rtos/freeRTOS/vendors/gwt/gap8/pmsis/drivers/udma/hyperbus/hyperbus_internal.o
 .text.__pi_hyper_copy_exec
                0x000000001c005252       0x8a /home/osboxes/test-C/src/exo3and4/BUILD/GAP8_V3/GCC_RISCV_FREERTOS//home/osboxes/test-C/gap_sdk/rtos/freeRTOS/vendors/gwt/gap8/pmsis/drivers/udma/hyperbus/hyperbus_internal.o
 .text.__pi_hyper_copy_2d_exec
                0x000000001c0052dc       0x4e /home/osboxes/test-C/src/exo3and4/BUILD/GAP8_V3/GCC_RISCV_FREERTOS//home/osboxes/test-C/gap_sdk/rtos/freeRTOS/vendors/gwt/gap8/pmsis/drivers/udma/hyperbus/hyperbus_internal.o
 .text.__pi_hyper_resume_misaligned_write
                0x000000001c00532a      0x2a8 /home/osboxes/test-C/src/exo3and4/BUILD/GAP8_V3/GCC_RISCV_FREERTOS//home/osboxes/test-C/gap_sdk/rtos/freeRTOS/vendors/gwt/gap8/pmsis/drivers/udma/hyperbus/hyperbus_internal.o
 .text.__pi_hyper_resume_misaligned_read
                0x000000001c0055d2      0x24e /home/osboxes/test-C/src/exo3and4/BUILD/GAP8_V3/GCC_RISCV_FREERTOS//home/osboxes/test-C/gap_sdk/rtos/freeRTOS/vendors/gwt/gap8/pmsis/drivers/udma/hyperbus/hyperbus_internal.o
 .text.hal_compiler_barrier
                0x000000001c005820        0x4 /home/osboxes/test-C/src/exo3and4/BUILD/GAP8_V3/GCC_RISCV_FREERTOS//home/osboxes/test-C/gap_sdk/rtos/freeRTOS/vendors/gwt/pmsis/rtos/event_kernel/event_kernel.o
 .text.__os_native_api_disable_irq
                0x000000001c005824       0x12 /home/osboxes/test-C/src/exo3and4/BUILD/GAP8_V3/GCC_RISCV_FREERTOS//home/osboxes/test-C/gap_sdk/rtos/freeRTOS/vendors/gwt/pmsis/rtos/event_kernel/event_kernel.o
 .text.__os_native_api_restore_irq
                0x000000001c005836       0x14 /home/osboxes/test-C/src/exo3and4/BUILD/GAP8_V3/GCC_RISCV_FREERTOS//home/osboxes/test-C/gap_sdk/rtos/freeRTOS/vendors/gwt/pmsis/rtos/event_kernel/event_kernel.o
 .text.__os_native_api_sync_obj_init
                0x000000001c00584a       0x1a /home/osboxes/test-C/src/exo3and4/BUILD/GAP8_V3/GCC_RISCV_FREERTOS//home/osboxes/test-C/gap_sdk/rtos/freeRTOS/vendors/gwt/pmsis/rtos/event_kernel/event_kernel.o
 .text.__os_native_api_sync_obj_take
                0x000000001c005864       0x18 /home/osboxes/test-C/src/exo3and4/BUILD/GAP8_V3/GCC_RISCV_FREERTOS//home/osboxes/test-C/gap_sdk/rtos/freeRTOS/vendors/gwt/pmsis/rtos/event_kernel/event_kernel.o
 .text.__os_native_api_sync_obj_release
                0x000000001c00587c       0x3c /home/osboxes/test-C/src/exo3and4/BUILD/GAP8_V3/GCC_RISCV_FREERTOS//home/osboxes/test-C/gap_sdk/rtos/freeRTOS/vendors/gwt/pmsis/rtos/event_kernel/event_kernel.o
 .text.__os_native_api_create_task
                0x000000001c0058b8       0x38 /home/osboxes/test-C/src/exo3and4/BUILD/GAP8_V3/GCC_RISCV_FREERTOS//home/osboxes/test-C/gap_sdk/rtos/freeRTOS/vendors/gwt/pmsis/rtos/event_kernel/event_kernel.o
 .text.pmsis_task_create
                0x000000001c0058f0       0x26 /home/osboxes/test-C/src/exo3and4/BUILD/GAP8_V3/GCC_RISCV_FREERTOS//home/osboxes/test-C/gap_sdk/rtos/freeRTOS/vendors/gwt/pmsis/rtos/event_kernel/event_kernel.o
 .text.pi_irq_disable
                0x000000001c005916       0x16 /home/osboxes/test-C/src/exo3and4/BUILD/GAP8_V3/GCC_RISCV_FREERTOS//home/osboxes/test-C/gap_sdk/rtos/freeRTOS/vendors/gwt/pmsis/rtos/event_kernel/event_kernel.o
 .text.pi_irq_restore
                0x000000001c00592c       0x18 /home/osboxes/test-C/src/exo3and4/BUILD/GAP8_V3/GCC_RISCV_FREERTOS//home/osboxes/test-C/gap_sdk/rtos/freeRTOS/vendors/gwt/pmsis/rtos/event_kernel/event_kernel.o
 .text.disable_irq
                0x000000001c005944       0x12 /home/osboxes/test-C/src/exo3and4/BUILD/GAP8_V3/GCC_RISCV_FREERTOS//home/osboxes/test-C/gap_sdk/rtos/freeRTOS/vendors/gwt/pmsis/rtos/event_kernel/event_kernel.o
 .text.restore_irq
                0x000000001c005956       0x14 /home/osboxes/test-C/src/exo3and4/BUILD/GAP8_V3/GCC_RISCV_FREERTOS//home/osboxes/test-C/gap_sdk/rtos/freeRTOS/vendors/gwt/pmsis/rtos/event_kernel/event_kernel.o
 .text.pi_sync_obj_init
                0x000000001c00596a       0x1a /home/osboxes/test-C/src/exo3and4/BUILD/GAP8_V3/GCC_RISCV_FREERTOS//home/osboxes/test-C/gap_sdk/rtos/freeRTOS/vendors/gwt/pmsis/rtos/event_kernel/event_kernel.o
 .text.pi_sync_obj_take
                0x000000001c005984       0x18 /home/osboxes/test-C/src/exo3and4/BUILD/GAP8_V3/GCC_RISCV_FREERTOS//home/osboxes/test-C/gap_sdk/rtos/freeRTOS/vendors/gwt/pmsis/rtos/event_kernel/event_kernel.o
 .text.pi_sync_obj_release
                0x000000001c00599c       0x18 /home/osboxes/test-C/src/exo3and4/BUILD/GAP8_V3/GCC_RISCV_FREERTOS//home/osboxes/test-C/gap_sdk/rtos/freeRTOS/vendors/gwt/pmsis/rtos/event_kernel/event_kernel.o
 .text.pmsis_event_wrap_get_kernel
                0x000000001c0059b4       0x12 /home/osboxes/test-C/src/exo3and4/BUILD/GAP8_V3/GCC_RISCV_FREERTOS//home/osboxes/test-C/gap_sdk/rtos/freeRTOS/vendors/gwt/pmsis/rtos/event_kernel/event_kernel.o
 .text.pmsis_event_wrap_get_scheduler
                0x000000001c0059c6       0x1a /home/osboxes/test-C/src/exo3and4/BUILD/GAP8_V3/GCC_RISCV_FREERTOS//home/osboxes/test-C/gap_sdk/rtos/freeRTOS/vendors/gwt/pmsis/rtos/event_kernel/event_kernel.o
 .text.pmsis_event_wrap_set_scheduler
                0x000000001c0059e0       0x1e /home/osboxes/test-C/src/exo3and4/BUILD/GAP8_V3/GCC_RISCV_FREERTOS//home/osboxes/test-C/gap_sdk/rtos/freeRTOS/vendors/gwt/pmsis/rtos/event_kernel/event_kernel.o
 .text.pmsis_event_release
                0x000000001c0059fe       0x20 /home/osboxes/test-C/src/exo3and4/BUILD/GAP8_V3/GCC_RISCV_FREERTOS//home/osboxes/test-C/gap_sdk/rtos/freeRTOS/vendors/gwt/pmsis/rtos/event_kernel/event_kernel.o
 .text.pmsis_event_pop
                0x000000001c005a1e       0x7e /home/osboxes/test-C/src/exo3and4/BUILD/GAP8_V3/GCC_RISCV_FREERTOS//home/osboxes/test-C/gap_sdk/rtos/freeRTOS/vendors/gwt/pmsis/rtos/event_kernel/event_kernel.o
 .text.pmsis_event_push
                0x000000001c005a9c       0x68 /home/osboxes/test-C/src/exo3and4/BUILD/GAP8_V3/GCC_RISCV_FREERTOS//home/osboxes/test-C/gap_sdk/rtos/freeRTOS/vendors/gwt/pmsis/rtos/event_kernel/event_kernel.o
                0x000000001c005a9c                pmsis_event_push
 .text.pmsis_event_kernel_init
                0x000000001c005b04       0x8e /home/osboxes/test-C/src/exo3and4/BUILD/GAP8_V3/GCC_RISCV_FREERTOS//home/osboxes/test-C/gap_sdk/rtos/freeRTOS/vendors/gwt/pmsis/rtos/event_kernel/event_kernel.o
                0x000000001c005b04                pmsis_event_kernel_init
 .text.pmsis_event_kernel_exec_event
                0x000000001c005b92       0x52 /home/osboxes/test-C/src/exo3and4/BUILD/GAP8_V3/GCC_RISCV_FREERTOS//home/osboxes/test-C/gap_sdk/rtos/freeRTOS/vendors/gwt/pmsis/rtos/event_kernel/event_kernel.o
 .text.pmsis_event_kernel_main
                0x000000001c005be4       0x5a /home/osboxes/test-C/src/exo3and4/BUILD/GAP8_V3/GCC_RISCV_FREERTOS//home/osboxes/test-C/gap_sdk/rtos/freeRTOS/vendors/gwt/pmsis/rtos/event_kernel/event_kernel.o
                0x000000001c005be4                pmsis_event_kernel_main
 .text.pmsis_event_get_default_scheduler
                0x000000001c005c3e        0xc /home/osboxes/test-C/src/exo3and4/BUILD/GAP8_V3/GCC_RISCV_FREERTOS//home/osboxes/test-C/gap_sdk/rtos/freeRTOS/vendors/gwt/pmsis/rtos/event_kernel/event_kernel.o
                0x000000001c005c3e                pmsis_event_get_default_scheduler
 .text.pmsis_event_set_default_scheduler
                0x000000001c005c4a       0x14 /home/osboxes/test-C/src/exo3and4/BUILD/GAP8_V3/GCC_RISCV_FREERTOS//home/osboxes/test-C/gap_sdk/rtos/freeRTOS/vendors/gwt/pmsis/rtos/event_kernel/event_kernel.o
                0x000000001c005c4a                pmsis_event_set_default_scheduler
 .text.pi_cl_l1_malloc
                0x000000001c005c5e       0x36 /home/osboxes/test-C/src/exo3and4/BUILD/GAP8_V3/GCC_RISCV_FREERTOS//home/osboxes/test-C/gap_sdk/rtos/freeRTOS/vendors/gwt/pmsis/rtos/malloc/cl_l1_malloc.o
                0x000000001c005c5e                pi_cl_l1_malloc
 .text.pi_cl_l1_free
                0x000000001c005c94       0x34 /home/osboxes/test-C/src/exo3and4/BUILD/GAP8_V3/GCC_RISCV_FREERTOS//home/osboxes/test-C/gap_sdk/rtos/freeRTOS/vendors/gwt/pmsis/rtos/malloc/cl_l1_malloc.o
                0x000000001c005c94                pi_cl_l1_free
 .text.pi_cl_l1_malloc_init
                0x000000001c005cc8       0x20 /home/osboxes/test-C/src/exo3and4/BUILD/GAP8_V3/GCC_RISCV_FREERTOS//home/osboxes/test-C/gap_sdk/rtos/freeRTOS/vendors/gwt/pmsis/rtos/malloc/cl_l1_malloc.o
                0x000000001c005cc8                pi_cl_l1_malloc_init
 .text.hal_compiler_barrier
                0x000000001c005ce8        0x4 /home/osboxes/test-C/src/exo3and4/BUILD/GAP8_V3/GCC_RISCV_FREERTOS//home/osboxes/test-C/gap_sdk/rtos/freeRTOS/vendors/gwt/pmsis/rtos/malloc/fc_l1_malloc.o
 .text.__os_native_api_disable_irq
                0x000000001c005cec       0x12 /home/osboxes/test-C/src/exo3and4/BUILD/GAP8_V3/GCC_RISCV_FREERTOS//home/osboxes/test-C/gap_sdk/rtos/freeRTOS/vendors/gwt/pmsis/rtos/malloc/fc_l1_malloc.o
 .text.__os_native_api_restore_irq
                0x000000001c005cfe       0x14 /home/osboxes/test-C/src/exo3and4/BUILD/GAP8_V3/GCC_RISCV_FREERTOS//home/osboxes/test-C/gap_sdk/rtos/freeRTOS/vendors/gwt/pmsis/rtos/malloc/fc_l1_malloc.o
 .text.pi_irq_disable
                0x000000001c005d12       0x16 /home/osboxes/test-C/src/exo3and4/BUILD/GAP8_V3/GCC_RISCV_FREERTOS//home/osboxes/test-C/gap_sdk/rtos/freeRTOS/vendors/gwt/pmsis/rtos/malloc/fc_l1_malloc.o
 .text.pi_irq_restore
                0x000000001c005d28       0x18 /home/osboxes/test-C/src/exo3and4/BUILD/GAP8_V3/GCC_RISCV_FREERTOS//home/osboxes/test-C/gap_sdk/rtos/freeRTOS/vendors/gwt/pmsis/rtos/malloc/fc_l1_malloc.o
 .text.disable_irq
                0x000000001c005d40       0x12 /home/osboxes/test-C/src/exo3and4/BUILD/GAP8_V3/GCC_RISCV_FREERTOS//home/osboxes/test-C/gap_sdk/rtos/freeRTOS/vendors/gwt/pmsis/rtos/malloc/fc_l1_malloc.o
 .text.restore_irq
                0x000000001c005d52       0x14 /home/osboxes/test-C/src/exo3and4/BUILD/GAP8_V3/GCC_RISCV_FREERTOS//home/osboxes/test-C/gap_sdk/rtos/freeRTOS/vendors/gwt/pmsis/rtos/malloc/fc_l1_malloc.o
 .text.pmsis_spinlock_init
                0x000000001c005d66       0x18 /home/osboxes/test-C/src/exo3and4/BUILD/GAP8_V3/GCC_RISCV_FREERTOS//home/osboxes/test-C/gap_sdk/rtos/freeRTOS/vendors/gwt/pmsis/rtos/malloc/fc_l1_malloc.o
 .text.pi_fc_l1_malloc
                0x000000001c005d7e       0x2a /home/osboxes/test-C/src/exo3and4/BUILD/GAP8_V3/GCC_RISCV_FREERTOS//home/osboxes/test-C/gap_sdk/rtos/freeRTOS/vendors/gwt/pmsis/rtos/malloc/fc_l1_malloc.o
                0x000000001c005d7e                pi_fc_l1_malloc
 .text.pi_fc_l1_free
                0x000000001c005da8       0x2a /home/osboxes/test-C/src/exo3and4/BUILD/GAP8_V3/GCC_RISCV_FREERTOS//home/osboxes/test-C/gap_sdk/rtos/freeRTOS/vendors/gwt/pmsis/rtos/malloc/fc_l1_malloc.o
                0x000000001c005da8                pi_fc_l1_free
 .text.pi_fc_l1_malloc_init
                0x000000001c005dd2       0x2c /home/osboxes/test-C/src/exo3and4/BUILD/GAP8_V3/GCC_RISCV_FREERTOS//home/osboxes/test-C/gap_sdk/rtos/freeRTOS/vendors/gwt/pmsis/rtos/malloc/fc_l1_malloc.o
                0x000000001c005dd2                pi_fc_l1_malloc_init
 .text.hal_compiler_barrier
                0x000000001c005dfe        0x4 /home/osboxes/test-C/src/exo3and4/BUILD/GAP8_V3/GCC_RISCV_FREERTOS//home/osboxes/test-C/gap_sdk/rtos/freeRTOS/vendors/gwt/pmsis/rtos/malloc/l2_malloc.o
 .text.__os_native_api_disable_irq
                0x000000001c005e02       0x12 /home/osboxes/test-C/src/exo3and4/BUILD/GAP8_V3/GCC_RISCV_FREERTOS//home/osboxes/test-C/gap_sdk/rtos/freeRTOS/vendors/gwt/pmsis/rtos/malloc/l2_malloc.o
 .text.__os_native_api_restore_irq
                0x000000001c005e14       0x14 /home/osboxes/test-C/src/exo3and4/BUILD/GAP8_V3/GCC_RISCV_FREERTOS//home/osboxes/test-C/gap_sdk/rtos/freeRTOS/vendors/gwt/pmsis/rtos/malloc/l2_malloc.o
 .text.pi_irq_disable
                0x000000001c005e28       0x16 /home/osboxes/test-C/src/exo3and4/BUILD/GAP8_V3/GCC_RISCV_FREERTOS//home/osboxes/test-C/gap_sdk/rtos/freeRTOS/vendors/gwt/pmsis/rtos/malloc/l2_malloc.o
 .text.pi_irq_restore
                0x000000001c005e3e       0x18 /home/osboxes/test-C/src/exo3and4/BUILD/GAP8_V3/GCC_RISCV_FREERTOS//home/osboxes/test-C/gap_sdk/rtos/freeRTOS/vendors/gwt/pmsis/rtos/malloc/l2_malloc.o
 .text.disable_irq
                0x000000001c005e56       0x12 /home/osboxes/test-C/src/exo3and4/BUILD/GAP8_V3/GCC_RISCV_FREERTOS//home/osboxes/test-C/gap_sdk/rtos/freeRTOS/vendors/gwt/pmsis/rtos/malloc/l2_malloc.o
 .text.restore_irq
                0x000000001c005e68       0x14 /home/osboxes/test-C/src/exo3and4/BUILD/GAP8_V3/GCC_RISCV_FREERTOS//home/osboxes/test-C/gap_sdk/rtos/freeRTOS/vendors/gwt/pmsis/rtos/malloc/l2_malloc.o
 .text.pmsis_spinlock_init
                0x000000001c005e7c       0x18 /home/osboxes/test-C/src/exo3and4/BUILD/GAP8_V3/GCC_RISCV_FREERTOS//home/osboxes/test-C/gap_sdk/rtos/freeRTOS/vendors/gwt/pmsis/rtos/malloc/l2_malloc.o
 .text.pmsis_spinlock_take
                0x000000001c005e94       0x28 /home/osboxes/test-C/src/exo3and4/BUILD/GAP8_V3/GCC_RISCV_FREERTOS//home/osboxes/test-C/gap_sdk/rtos/freeRTOS/vendors/gwt/pmsis/rtos/malloc/l2_malloc.o
 .text.pmsis_spinlock_release
                0x000000001c005ebc       0x28 /home/osboxes/test-C/src/exo3and4/BUILD/GAP8_V3/GCC_RISCV_FREERTOS//home/osboxes/test-C/gap_sdk/rtos/freeRTOS/vendors/gwt/pmsis/rtos/malloc/l2_malloc.o
 .text.pi_l2_malloc
                0x000000001c005ee4       0x46 /home/osboxes/test-C/src/exo3and4/BUILD/GAP8_V3/GCC_RISCV_FREERTOS//home/osboxes/test-C/gap_sdk/rtos/freeRTOS/vendors/gwt/pmsis/rtos/malloc/l2_malloc.o
                0x000000001c005ee4                pi_l2_malloc
 .text.pi_l2_free
                0x000000001c005f2a       0x36 /home/osboxes/test-C/src/exo3and4/BUILD/GAP8_V3/GCC_RISCV_FREERTOS//home/osboxes/test-C/gap_sdk/rtos/freeRTOS/vendors/gwt/pmsis/rtos/malloc/l2_malloc.o
                0x000000001c005f2a                pi_l2_free
 .text.pi_l2_malloc_init
                0x000000001c005f60       0x2c /home/osboxes/test-C/src/exo3and4/BUILD/GAP8_V3/GCC_RISCV_FREERTOS//home/osboxes/test-C/gap_sdk/rtos/freeRTOS/vendors/gwt/pmsis/rtos/malloc/l2_malloc.o
                0x000000001c005f60                pi_l2_malloc_init
 .text.__malloc_init
                0x000000001c005f8c       0x44 /home/osboxes/test-C/src/exo3and4/BUILD/GAP8_V3/GCC_RISCV_FREERTOS//home/osboxes/test-C/gap_sdk/rtos/freeRTOS/vendors/gwt/pmsis/rtos/malloc/malloc_internal.o